Archive member included to satisfy reference by file (symbol)

c:/st/stm32cubeide_1.4.0/stm32cubeide/plugins/com.st.stm32cube.ide.mcu.externaltools.gnu-tools-for-stm32.10.3-2021.10.win32_1.0.0.202111181127/tools/bin/../lib/gcc/arm-none-eabi/10.3.1/../../../../arm-none-eabi/lib/thumb/v7e-m+fp/hard\libc_nano.a(lib_a-errno.o)
                              ./Core/Src/syscalls.o (__errno)
c:/st/stm32cubeide_1.4.0/stm32cubeide/plugins/com.st.stm32cube.ide.mcu.externaltools.gnu-tools-for-stm32.10.3-2021.10.win32_1.0.0.202111181127/tools/bin/../lib/gcc/arm-none-eabi/10.3.1/../../../../arm-none-eabi/lib/thumb/v7e-m+fp/hard\libc_nano.a(lib_a-exit.o)
                              c:/st/stm32cubeide_1.4.0/stm32cubeide/plugins/com.st.stm32cube.ide.mcu.externaltools.gnu-tools-for-stm32.10.3-2021.10.win32_1.0.0.202111181127/tools/bin/../lib/gcc/arm-none-eabi/10.3.1/../../../../arm-none-eabi/lib/thumb/v7e-m+fp/hard/crt0.o (exit)
c:/st/stm32cubeide_1.4.0/stm32cubeide/plugins/com.st.stm32cube.ide.mcu.externaltools.gnu-tools-for-stm32.10.3-2021.10.win32_1.0.0.202111181127/tools/bin/../lib/gcc/arm-none-eabi/10.3.1/../../../../arm-none-eabi/lib/thumb/v7e-m+fp/hard\libc_nano.a(lib_a-impure.o)
                              c:/st/stm32cubeide_1.4.0/stm32cubeide/plugins/com.st.stm32cube.ide.mcu.externaltools.gnu-tools-for-stm32.10.3-2021.10.win32_1.0.0.202111181127/tools/bin/../lib/gcc/arm-none-eabi/10.3.1/../../../../arm-none-eabi/lib/thumb/v7e-m+fp/hard\libc_nano.a(lib_a-exit.o) (_global_impure_ptr)
c:/st/stm32cubeide_1.4.0/stm32cubeide/plugins/com.st.stm32cube.ide.mcu.externaltools.gnu-tools-for-stm32.10.3-2021.10.win32_1.0.0.202111181127/tools/bin/../lib/gcc/arm-none-eabi/10.3.1/../../../../arm-none-eabi/lib/thumb/v7e-m+fp/hard\libc_nano.a(lib_a-init.o)
                              c:/st/stm32cubeide_1.4.0/stm32cubeide/plugins/com.st.stm32cube.ide.mcu.externaltools.gnu-tools-for-stm32.10.3-2021.10.win32_1.0.0.202111181127/tools/bin/../lib/gcc/arm-none-eabi/10.3.1/../../../../arm-none-eabi/lib/thumb/v7e-m+fp/hard/crt0.o (__libc_init_array)
c:/st/stm32cubeide_1.4.0/stm32cubeide/plugins/com.st.stm32cube.ide.mcu.externaltools.gnu-tools-for-stm32.10.3-2021.10.win32_1.0.0.202111181127/tools/bin/../lib/gcc/arm-none-eabi/10.3.1/../../../../arm-none-eabi/lib/thumb/v7e-m+fp/hard\libc_nano.a(lib_a-memset.o)
                              c:/st/stm32cubeide_1.4.0/stm32cubeide/plugins/com.st.stm32cube.ide.mcu.externaltools.gnu-tools-for-stm32.10.3-2021.10.win32_1.0.0.202111181127/tools/bin/../lib/gcc/arm-none-eabi/10.3.1/../../../../arm-none-eabi/lib/thumb/v7e-m+fp/hard/crt0.o (memset)
c:/st/stm32cubeide_1.4.0/stm32cubeide/plugins/com.st.stm32cube.ide.mcu.externaltools.gnu-tools-for-stm32.10.3-2021.10.win32_1.0.0.202111181127/tools/bin/../lib/gcc/arm-none-eabi/10.3.1/../../../../arm-none-eabi/lib/thumb/v7e-m+fp/hard\libc_nano.a(lib_a-nano-vfprintf_float.o)
                              (_printf_float)
c:/st/stm32cubeide_1.4.0/stm32cubeide/plugins/com.st.stm32cube.ide.mcu.externaltools.gnu-tools-for-stm32.10.3-2021.10.win32_1.0.0.202111181127/tools/bin/../lib/gcc/arm-none-eabi/10.3.1/../../../../arm-none-eabi/lib/thumb/v7e-m+fp/hard\libc_nano.a(lib_a-nano-vfprintf_i.o)
                              c:/st/stm32cubeide_1.4.0/stm32cubeide/plugins/com.st.stm32cube.ide.mcu.externaltools.gnu-tools-for-stm32.10.3-2021.10.win32_1.0.0.202111181127/tools/bin/../lib/gcc/arm-none-eabi/10.3.1/../../../../arm-none-eabi/lib/thumb/v7e-m+fp/hard\libc_nano.a(lib_a-nano-vfprintf_float.o) (_printf_common)
c:/st/stm32cubeide_1.4.0/stm32cubeide/plugins/com.st.stm32cube.ide.mcu.externaltools.gnu-tools-for-stm32.10.3-2021.10.win32_1.0.0.202111181127/tools/bin/../lib/gcc/arm-none-eabi/10.3.1/../../../../arm-none-eabi/lib/thumb/v7e-m+fp/hard\libc_nano.a(lib_a-printf.o)
                              ./Core/Src/TinyBMS.o (printf)
c:/st/stm32cubeide_1.4.0/stm32cubeide/plugins/com.st.stm32cube.ide.mcu.externaltools.gnu-tools-for-stm32.10.3-2021.10.win32_1.0.0.202111181127/tools/bin/../lib/gcc/arm-none-eabi/10.3.1/../../../../arm-none-eabi/lib/thumb/v7e-m+fp/hard\libc_nano.a(lib_a-puts.o)
                              ./Core/Src/TinyBMS.o (puts)
c:/st/stm32cubeide_1.4.0/stm32cubeide/plugins/com.st.stm32cube.ide.mcu.externaltools.gnu-tools-for-stm32.10.3-2021.10.win32_1.0.0.202111181127/tools/bin/../lib/gcc/arm-none-eabi/10.3.1/../../../../arm-none-eabi/lib/thumb/v7e-m+fp/hard\libc_nano.a(lib_a-scanf.o)
                              ./Core/Src/main.o (scanf)
c:/st/stm32cubeide_1.4.0/stm32cubeide/plugins/com.st.stm32cube.ide.mcu.externaltools.gnu-tools-for-stm32.10.3-2021.10.win32_1.0.0.202111181127/tools/bin/../lib/gcc/arm-none-eabi/10.3.1/../../../../arm-none-eabi/lib/thumb/v7e-m+fp/hard\libc_nano.a(lib_a-sprintf.o)
                              ./Core/Src/main.o (sprintf)
[...]
Memory Configuration

Name             Origin             Length             Attributes
RAM              0x0000000020000000 0x0000000000050000 xrw
FLASH            0x0000000008000000 0x0000000000100000 xr
*default*        0x0000000000000000 0xffffffffffffffff

Linker script and memory map

LOAD c:/st/stm32cubeide_1.4.0/stm32cubeide/plugins/com.st.stm32cube.ide.mcu.externaltools.gnu-tools-for-stm32.10.3-2021.10.win32_1.0.0.202111181127/tools/bin/../lib/gcc/arm-none-eabi/10.3.1/thumb/v7e-m+fp/hard/crti.o
LOAD c:/st/stm32cubeide_1.4.0/stm32cubeide/plugins/com.st.stm32cube.ide.mcu.externaltools.gnu-tools-for-stm32.10.3-2021.10.win32_1.0.0.202111181127/tools/bin/../lib/gcc/arm-none-eabi/10.3.1/thumb/v7e-m+fp/hard/crtbegin.o
LOAD c:/st/stm32cubeide_1.4.0/stm32cubeide/plugins/com.st.stm32cube.ide.mcu.externaltools.gnu-tools-for-stm32.10.3-2021.10.win32_1.0.0.202111181127/tools/bin/../lib/gcc/arm-none-eabi/10.3.1/../../../../arm-none-eabi/lib/thumb/v7e-m+fp/hard/crt0.o
LOAD ./Core/Src/TinyBMS.o
LOAD ./Core/Src/it.o
LOAD ./Core/Src/main.o
LOAD ./Core/Src/msp.o
LOAD ./Core/Src/syscalls.o
LOAD ./Core/Src/sysmem.o
LOAD ./Core/Src/system_stm32f7xx.o
LOAD ./Core/Startup/startup_stm32f746zgtx.o
LOAD ./Drivers/STM32F7xx_HAL_Driver/Src/stm32f7xx_hal.o
LOAD ./Drivers/STM32F7xx_HAL_Driver/Src/stm32f7xx_hal_can.o
LOAD ./Drivers/STM32F7xx_HAL_Driver/Src/stm32f7xx_hal_cortex.o
LOAD ./Drivers/STM32F7xx_HAL_Driver/Src/stm32f7xx_hal_dma.o
LOAD ./Drivers/STM32F7xx_HAL_Driver/Src/stm32f7xx_hal_dma_ex.o
LOAD ./Drivers/STM32F7xx_HAL_Driver/Src/stm32f7xx_hal_exti.o
LOAD ./Drivers/STM32F7xx_HAL_Driver/Src/stm32f7xx_hal_flash.o
LOAD ./Drivers/STM32F7xx_HAL_Driver/Src/stm32f7xx_hal_flash_ex.o
LOAD ./Drivers/STM32F7xx_HAL_Driver/Src/stm32f7xx_hal_gpio.o
LOAD ./Drivers/STM32F7xx_HAL_Driver/Src/stm32f7xx_hal_i2c.o
LOAD ./Drivers/STM32F7xx_HAL_Driver/Src/stm32f7xx_hal_i2c_ex.o
LOAD ./Drivers/STM32F7xx_HAL_Driver/Src/stm32f7xx_hal_pwr.o
LOAD ./Drivers/STM32F7xx_HAL_Driver/Src/stm32f7xx_hal_pwr_ex.o
LOAD ./Drivers/STM32F7xx_HAL_Driver/Src/stm32f7xx_hal_rcc.o
LOAD ./Drivers/STM32F7xx_HAL_Driver/Src/stm32f7xx_hal_rcc_ex.o
LOAD ./Drivers/STM32F7xx_HAL_Driver/Src/stm32f7xx_hal_tim.o
LOAD ./Drivers/STM32F7xx_HAL_Driver/Src/stm32f7xx_hal_tim_ex.o
LOAD ./Drivers/STM32F7xx_HAL_Driver/Src/stm32f7xx_hal_uart.o
LOAD ./Drivers/STM32F7xx_HAL_Driver/Src/stm32f7xx_hal_uart_ex.o
START GROUP
LOAD c:/st/stm32cubeide_1.4.0/stm32cubeide/plugins/com.st.stm32cube.ide.mcu.externaltools.gnu-tools-for-stm32.10.3-2021.10.win32_1.0.0.202111181127/tools/bin/../lib/gcc/arm-none-eabi/10.3.1/../../../../arm-none-eabi/lib/thumb/v7e-m+fp/hard\libc_nano.a
LOAD c:/st/stm32cubeide_1.4.0/stm32cubeide/plugins/com.st.stm32cube.ide.mcu.externaltools.gnu-tools-for-stm32.10.3-2021.10.win32_1.0.0.202111181127/tools/bin/../lib/gcc/arm-none-eabi/10.3.1/../../../../arm-none-eabi/lib/thumb/v7e-m+fp/hard\libm.a
END GROUP
START GROUP
LOAD c:/st/stm32cubeide_1.4.0/stm32cubeide/plugins/com.st.stm32cube.ide.mcu.externaltools.gnu-tools-for-stm32.10.3-2021.10.win32_1.0.0.202111181127/tools/bin/../lib/gcc/arm-none-eabi/10.3.1/thumb/v7e-m+fp/hard\libgcc.a
LOAD c:/st/stm32cubeide_1.4.0/stm32cubeide/plugins/com.st.stm32cube.ide.mcu.externaltools.gnu-tools-for-stm32.10.3-2021.10.win32_1.0.0.202111181127/tools/bin/../lib/gcc/arm-none-eabi/10.3.1/../../../../arm-none-eabi/lib/thumb/v7e-m+fp/hard\libc_nano.a
END GROUP
START GROUP
LOAD c:/st/stm32cubeide_1.4.0/stm32cubeide/plugins/com.st.stm32cube.ide.mcu.externaltools.gnu-tools-for-stm32.10.3-2021.10.win32_1.0.0.202111181127/tools/bin/../lib/gcc/arm-none-eabi/10.3.1/thumb/v7e-m+fp/hard\libgcc.a
LOAD c:/st/stm32cubeide_1.4.0/stm32cubeide/plugins/com.st.stm32cube.ide.mcu.externaltools.gnu-tools-for-stm32.10.3-2021.10.win32_1.0.0.202111181127/tools/bin/../lib/gcc/arm-none-eabi/10.3.1/../../../../arm-none-eabi/lib/thumb/v7e-m+fp/hard\libc_nano.a
LOAD c:/st/stm32cubeide_1.4.0/stm32cubeide/plugins/com.st.stm32cube.ide.mcu.externaltools.gnu-tools-for-stm32.10.3-2021.10.win32_1.0.0.202111181127/tools/bin/../lib/gcc/arm-none-eabi/10.3.1/../../../../arm-none-eabi/lib/thumb/v7e-m+fp/hard\libnosys.a
END GROUP
START GROUP
LOAD c:/st/stm32cubeide_1.4.0/stm32cubeide/plugins/com.st.stm32cube.ide.mcu.externaltools.gnu-tools-for-stm32.10.3-2021.10.win32_1.0.0.202111181127/tools/bin/../lib/gcc/arm-none-eabi/10.3.1/thumb/v7e-m+fp/hard\libgcc.a
LOAD c:/st/stm32cubeide_1.4.0/stm32cubeide/plugins/com.st.stm32cube.ide.mcu.externaltools.gnu-tools-for-stm32.10.3-2021.10.win32_1.0.0.202111181127/tools/bin/../lib/gcc/arm-none-eabi/10.3.1/../../../../arm-none-eabi/lib/thumb/v7e-m+fp/hard\libc_nano.a
LOAD c:/st/stm32cubeide_1.4.0/stm32cubeide/plugins/com.st.stm32cube.ide.mcu.externaltools.gnu-tools-for-stm32.10.3-2021.10.win32_1.0.0.202111181127/tools/bin/../lib/gcc/arm-none-eabi/10.3.1/../../../../arm-none-eabi/lib/thumb/v7e-m+fp/hard\libnosys.a
END GROUP
LOAD c:/st/stm32cubeide_1.4.0/stm32cubeide/plugins/com.st.stm32cube.ide.mcu.externaltools.gnu-tools-for-stm32.10.3-2021.10.win32_1.0.0.202111181127/tools/bin/../lib/gcc/arm-none-eabi/10.3.1/thumb/v7e-m+fp/hard/crtend.o
LOAD c:/st/stm32cubeide_1.4.0/stm32cubeide/plugins/com.st.stm32cube.ide.mcu.externaltools.gnu-tools-for-stm32.10.3-2021.10.win32_1.0.0.202111181127/tools/bin/../lib/gcc/arm-none-eabi/10.3.1/thumb/v7e-m+fp/hard/crtn.o
                0x0000000020050000                _estack = (ORIGIN (RAM) + LENGTH (RAM))
                0x0000000000000200                _Min_Heap_Size = 0x200
                0x0000000000000400                _Min_Stack_Size = 0x400

.isr_vector     0x0000000008000000      0x1c8
                0x0000000008000000                . = ALIGN (0x4)
 *(.isr_vector)
 .isr_vector    0x0000000008000000      0x1c8 ./Core/Startup/startup_stm32f746zgtx.o
                0x0000000008000000                g_pfnVectors
                0x00000000080001c8                . = ALIGN (0x4)

.text           0x00000000080001d0    0x106e0
                0x00000000080001d0                . = ALIGN (0x4)
 *(.text)
 .text          0x00000000080001d0       0x40 c:/st/stm32cubeide_1.4.0/stm32cubeide/plugins/com.st.stm32cube.ide.mcu.externaltools.gnu-tools-for-stm32.10.3-2021.10.win32_1.0.0.202111181127/tools/bin/../lib/gcc/arm-none-eabi/10.3.1/thumb/v7e-m+fp/hard/crtbegin.o
 .text          0x0000000008000210       0x10 c:/st/stm32cubeide_1.4.0/stm32cubeide/plugins/com.st.stm32cube.ide.mcu.externaltools.gnu-tools-for-stm32.10.3-2021.10.win32_1.0.0.202111181127/tools/bin/../lib/gcc/arm-none-eabi/10.3.1/../../../../arm-none-eabi/lib/thumb/v7e-m+fp/hard\libc_nano.a(lib_a-strlen.o)
                0x0000000008000210                strlen
 .text          0x0000000008000220       0xa0 c:/st/stm32cubeide_1.4.0/stm32cubeide/plugins/com.st.stm32cube.ide.mcu.externaltools.gnu-tools-for-stm32.10.3-2021.10.win32_1.0.0.202111181127/tools/bin/../lib/gcc/arm-none-eabi/10.3.1/../../../../arm-none-eabi/lib/thumb/v7e-m+fp/hard\libc_nano.a(lib_a-memchr.o)
                0x0000000008000220                memchr
 .text          0x00000000080002c0      0x378 c:/st/stm32cubeide_1.4.0/stm32cubeide/plugins/com.st.stm32cube.ide.mcu.externaltools.gnu-tools-for-stm32.10.3-2021.10.win32_1.0.0.202111181127/tools/bin/../lib/gcc/arm-none-eabi/10.3.1/thumb/v7e-m+fp/hard\libgcc.a(_arm_addsubdf3.o)
                0x00000000080002c0                __aeabi_drsub
                0x00000000080002c8                __aeabi_dsub
                0x00000000080002c8                __subdf3
                0x00000000080002cc                __aeabi_dadd
                0x00000000080002cc                __adddf3
                0x0000000008000544                __floatunsidf
                0x0000000008000544                __aeabi_ui2d
                0x0000000008000564                __floatsidf
                0x0000000008000564                __aeabi_i2d
                0x0000000008000588                __aeabi_f2d
                0x0000000008000588                __extendsfdf2
                0x00000000080005cc                __floatundidf
                0x00000000080005cc                __aeabi_ul2d
                0x00000000080005dc                __floatdidf
                0x00000000080005dc                __aeabi_l2d
 .text          0x0000000008000638      0x424 c:/st/stm32cubeide_1.4.0/stm32cubeide/plugins/com.st.stm32cube.ide.mcu.externaltools.gnu-tools-for-stm32.10.3-2021.10.win32_1.0.0.202111181127/tools/bin/../lib/gcc/arm-none-eabi/10.3.1/thumb/v7e-m+fp/hard\libgcc.a(_arm_muldivdf3.o)
                0x0000000008000638                __aeabi_dmul
                0x0000000008000638                __muldf3
                0x000000000800088c                __divdf3
                0x000000000800088c                __aeabi_ddiv
 .text          0x0000000008000a5c      0x110 c:/st/stm32cubeide_1.4.0/stm32cubeide/plugins/com.st.stm32cube.ide.mcu.externaltools.gnu-tools-for-stm32.10.3-2021.10.win32_1.0.0.202111181127/tools/bin/../lib/gcc/arm-none-eabi/10.3.1/thumb/v7e-m+fp/hard\libgcc.a(_arm_cmpdf2.o)
                0x0000000008000a5c                __gtdf2
                0x0000000008000a5c                __gedf2
                0x0000000008000a64                __ltdf2
                0x0000000008000a64                __ledf2
                0x0000000008000a6c                __nedf2
                0x0000000008000a6c                __eqdf2
                0x0000000008000a6c                __cmpdf2
                0x0000000008000ae8                __aeabi_cdrcmple
                0x0000000008000af8                __aeabi_cdcmpeq
                0x0000000008000af8                __aeabi_cdcmple
                0x0000000008000b08                __aeabi_dcmpeq
                0x0000000008000b1c                __aeabi_dcmplt
                0x0000000008000b30                __aeabi_dcmple
                0x0000000008000b44                __aeabi_dcmpge
                0x0000000008000b58                __aeabi_dcmpgt
 .text          0x0000000008000b6c       0x2c c:/st/stm32cubeide_1.4.0/stm32cubeide/plugins/com.st.stm32cube.ide.mcu.externaltools.gnu-tools-for-stm32.10.3-2021.10.win32_1.0.0.202111181127/tools/bin/../lib/gcc/arm-none-eabi/10.3.1/thumb/v7e-m+fp/hard\libgcc.a(_arm_unorddf2.o)
                0x0000000008000b6c                __unorddf2
                0x0000000008000b6c                __aeabi_dcmpun
 .text          0x0000000008000b98       0x50 c:/st/stm32cubeide_1.4.0/stm32cubeide/plugins/com.st.stm32cube.ide.mcu.externaltools.gnu-tools-for-stm32.10.3-2021.10.win32_1.0.0.202111181127/tools/bin/../lib/gcc/arm-none-eabi/10.3.1/thumb/v7e-m+fp/hard\libgcc.a(_arm_fixdfsi.o)
                0x0000000008000b98                __aeabi_d2iz
                0x0000000008000b98                __fixdfsi
 .text          0x0000000008000be8       0x30 c:/st/stm32cubeide_1.4.0/stm32cubeide/plugins/com.st.stm32cube.ide.mcu.externaltools.gnu-tools-for-stm32.10.3-2021.10.win32_1.0.0.202111181127/tools/bin/../lib/gcc/arm-none-eabi/10.3.1/thumb/v7e-m+fp/hard\libgcc.a(_aeabi_uldivmod.o)
                0x0000000008000be8                __aeabi_uldivmod
 .text          0x0000000008000c18      0x2d0 c:/st/stm32cubeide_1.4.0/stm32cubeide/plugins/com.st.stm32cube.ide.mcu.externaltools.gnu-tools-for-stm32.10.3-2021.10.win32_1.0.0.202111181127/tools/bin/../lib/gcc/arm-none-eabi/10.3.1/thumb/v7e-m+fp/hard\libgcc.a(_udivmoddi4.o)
                0x0000000008000c18                __udivmoddi4
 .text          0x0000000008000ee8        0x4 c:/st/stm32cubeide_1.4.0/stm32cubeide/plugins/com.st.stm32cube.ide.mcu.externaltools.gnu-tools-for-stm32.10.3-2021.10.win32_1.0.0.202111181127/tools/bin/../lib/gcc/arm-none-eabi/10.3.1/thumb/v7e-m+fp/hard\libgcc.a(_dvmd_tls.o)
                0x0000000008000ee8                __aeabi_idiv0
                0x0000000008000ee8                __aeabi_ldiv0
 *(.text*)
 .text.TinyBMS_UART_ACK
                0x0000000008000eec      0x1a0 ./Core/Src/TinyBMS.o
                0x0000000008000eec                TinyBMS_UART_ACK
 .text.TinyBMS_UART_ReadRegBlock
                0x000000000800108c      0x3e8 ./Core/Src/TinyBMS.o
                0x000000000800108c                TinyBMS_UART_ReadRegBlock
 .text.TinyBMS_UART_ReadRegIndividual
                0x0000000008001474      0x500 ./Core/Src/TinyBMS.o
                0x0000000008001474                TinyBMS_UART_ReadRegIndividual
 .text.TinyBMS_UART_WriteRegBlock
                0x0000000008001974      0x450 ./Core/Src/TinyBMS.o
                0x0000000008001974                TinyBMS_UART_WriteRegBlock
 .text.TinyBMS_UART_WriteRegIndividual
                0x0000000008001dc4      0x480 ./Core/Src/TinyBMS.o
                0x0000000008001dc4                TinyBMS_UART_WriteRegIndividual
 .text.TinyBMS_UART_ReadRegBlockMODBUS
                0x0000000008002244      0x3f0 ./Core/Src/TinyBMS.o
                0x0000000008002244                TinyBMS_UART_ReadRegBlockMODBUS
 .text.TinyBMS_UART_WriteRegBlockMODBUS
                0x0000000008002634      0x434 ./Core/Src/TinyBMS.o
                0x0000000008002634                TinyBMS_UART_WriteRegBlockMODBUS
 .text.TinyBMS_UART_ResetClearEventsStatistics
                0x0000000008002a68      0x250 ./Core/Src/TinyBMS.o
                0x0000000008002a68                TinyBMS_UART_ResetClearEventsStatistics
 .text.TinyBMS_UART_ReadNewestEvents
                0x0000000008002cb8      0x410 ./Core/Src/TinyBMS.o
                0x0000000008002cb8                TinyBMS_UART_ReadNewestEvents
 .text.TinyBMS_UART_ReadAllEvents
                0x00000000080030c8      0x410 ./Core/Src/TinyBMS.o
                0x00000000080030c8                TinyBMS_UART_ReadAllEvents
 .text.TinyBMS_UART_ReadBatteryPackVoltage
                0x00000000080034d8      0x20c ./Core/Src/TinyBMS.o
                0x00000000080034d8                TinyBMS_UART_ReadBatteryPackVoltage
 .text.TinyBMS_UART_ReadBatteryPackCurrent
                0x00000000080036e4      0x20c ./Core/Src/TinyBMS.o
                0x00000000080036e4                TinyBMS_UART_ReadBatteryPackCurrent
 .text.TinyBMS_UART_ReadBatteryPackMaxCellVoltage
                0x00000000080038f0      0x1f0 ./Core/Src/TinyBMS.o
                0x00000000080038f0                TinyBMS_UART_ReadBatteryPackMaxCellVoltage
 .text.TinyBMS_UART_ReadBatteryPackMinCellVoltage
                0x0000000008003ae0      0x1f0 ./Core/Src/TinyBMS.o
                0x0000000008003ae0                TinyBMS_UART_ReadBatteryPackMinCellVoltage
 .text.TinyBMS_UART_ReadOnlineStatus
                0x0000000008003cd0      0x288 ./Core/Src/TinyBMS.o
                0x0000000008003cd0                TinyBMS_UART_ReadOnlineStatus
 .text.TinyBMS_UART_ReadLifetimeCounter
                0x0000000008003f58      0x1ec ./Core/Src/TinyBMS.o
                0x0000000008003f58                TinyBMS_UART_ReadLifetimeCounter
 .text.TinyBMS_UART_ReadEstimatedSOCValue
                0x0000000008004144      0x1ec ./Core/Src/TinyBMS.o
                0x0000000008004144                TinyBMS_UART_ReadEstimatedSOCValue
 .text.TinyBMS_UART_ReadDeviceTemperatures
                0x0000000008004330      0x2ec ./Core/Src/TinyBMS.o
                0x0000000008004330                TinyBMS_UART_ReadDeviceTemperatures
 .text.TinyBMS_UART_ReadBatteryPackCellVoltages
                0x000000000800461c      0x348 ./Core/Src/TinyBMS.o
                0x000000000800461c                TinyBMS_UART_ReadBatteryPackCellVoltages
 .text.TinyBMS_UART_ReadSettingsValues
                0x0000000008004964      0x46c ./Core/Src/TinyBMS.o
                0x0000000008004964                TinyBMS_UART_ReadSettingsValues
 .text.TinyBMS_UART_ReadVersion
                0x0000000008004dd0      0x384 ./Core/Src/TinyBMS.o
                0x0000000008004dd0                TinyBMS_UART_ReadVersion
 .text.TinyBMS_UART_ReadVersionExtended
                0x0000000008005154      0x44c ./Core/Src/TinyBMS.o
                0x0000000008005154                TinyBMS_UART_ReadVersionExtended
 .text.TinyBMS_UART_ReadCalcSpeedDistanceLeftEstTimeLeft
                0x00000000080055a0      0x260 ./Core/Src/TinyBMS.o
                0x00000000080055a0                TinyBMS_UART_ReadCalcSpeedDistanceLeftEstTimeLeft
 .text.TinyBMS_CAN_ResetClearEventsStatistics
                0x0000000008005800      0x184 ./Core/Src/TinyBMS.o
                0x0000000008005800                TinyBMS_CAN_ResetClearEventsStatistics
 .text.TinyBMS_CAN_ReadRegBlock
                0x0000000008005984      0x20c ./Core/Src/TinyBMS.o
                0x0000000008005984                TinyBMS_CAN_ReadRegBlock
 .text.TinyBMS_CAN_WriteRegBlock
                0x0000000008005b90      0x238 ./Core/Src/TinyBMS.o
                0x0000000008005b90                TinyBMS_CAN_WriteRegBlock
 .text.TinyBMS_CAN_ReadNewestEvents
                0x0000000008005dc8      0x1e8 ./Core/Src/TinyBMS.o
                0x0000000008005dc8                TinyBMS_CAN_ReadNewestEvents
 .text.TinyBMS_CAN_ReadAllEvents
                0x0000000008005fb0      0x1e8 ./Core/Src/TinyBMS.o
                0x0000000008005fb0                TinyBMS_CAN_ReadAllEvents
 .text.TinyBMS_CAN_ReadBatteryPackVoltage
                0x0000000008006198      0x174 ./Core/Src/TinyBMS.o
                0x0000000008006198                TinyBMS_CAN_ReadBatteryPackVoltage
 .text.TinyBMS_CAN_ReadBatteryPackCurrent
                0x000000000800630c      0x174 ./Core/Src/TinyBMS.o
                0x000000000800630c                TinyBMS_CAN_ReadBatteryPackCurrent
 .text.TinyBMS_CAN_ReadBatteryPackMaxCellVoltage
                0x0000000008006480      0x148 ./Core/Src/TinyBMS.o
                0x0000000008006480                TinyBMS_CAN_ReadBatteryPackMaxCellVoltage
 .text.TinyBMS_CAN_ReadBatteryPackMinCellVoltage
                0x00000000080065c8      0x148 ./Core/Src/TinyBMS.o
                0x00000000080065c8                TinyBMS_CAN_ReadBatteryPackMinCellVoltage
 .text.TinyBMS_CAN_ReadOnlineStatus
                0x0000000008006710      0x1f4 ./Core/Src/TinyBMS.o
                0x0000000008006710                TinyBMS_CAN_ReadOnlineStatus
 .text.TinyBMS_CAN_ReadLifetimeCounter
                0x0000000008006904      0x144 ./Core/Src/TinyBMS.o
                0x0000000008006904                TinyBMS_CAN_ReadLifetimeCounter
 .text.TinyBMS_CAN_ReadEstimatedSOCValue
                0x0000000008006a48      0x144 ./Core/Src/TinyBMS.o
                0x0000000008006a48                TinyBMS_CAN_ReadEstimatedSOCValue
 .text.TinyBMS_CAN_ReadDeviceTemperatures
                0x0000000008006b8c      0x1f4 ./Core/Src/TinyBMS.o
                0x0000000008006b8c                TinyBMS_CAN_ReadDeviceTemperatures
 .text.TinyBMS_CAN_ReadBatteryPackCellVoltages
                0x0000000008006d80      0x198 ./Core/Src/TinyBMS.o
                0x0000000008006d80                TinyBMS_CAN_ReadBatteryPackCellVoltages
 .text.TinyBMS_CAN_ReadSettingsValues
                0x0000000008006f18      0x228 ./Core/Src/TinyBMS.o
                0x0000000008006f18                TinyBMS_CAN_ReadSettingsValues
 .text.TinyBMS_CAN_ReadVersion
                0x0000000008007140      0x25c ./Core/Src/TinyBMS.o
                0x0000000008007140                TinyBMS_CAN_ReadVersion
 .text.TinyBMS_CAN_ReadCalcSpeedDistanceLeftEstTimeLeft
                0x000000000800739c      0x214 ./Core/Src/TinyBMS.o
                0x000000000800739c                TinyBMS_CAN_ReadCalcSpeedDistanceLeftEstTimeLeft
 .text.TinyBMS_CAN_ReadNodeID
                0x00000000080075b0      0x188 ./Core/Src/TinyBMS.o
                0x00000000080075b0                TinyBMS_CAN_ReadNodeID
 .text.TinyBMS_CAN_WriteNodeID
                0x0000000008007738      0x188 ./Core/Src/TinyBMS.o
                0x0000000008007738                TinyBMS_CAN_WriteNodeID
 .text.reportBMSError
                0x00000000080078c0       0x44 ./Core/Src/TinyBMS.o
 .text.CRC16    0x0000000008007904       0x54 ./Core/Src/TinyBMS.o
 .text.NMI_Handler
                0x0000000008007958        0x6 ./Core/Src/it.o
                0x0000000008007958                NMI_Handler
 .text.HardFault_Handler
                0x000000000800795e        0x6 ./Core/Src/it.o
                0x000000000800795e                HardFault_Handler
 .text.MemManage_Handler
                0x0000000008007964        0x6 ./Core/Src/it.o
                0x0000000008007964                MemManage_Handler
 .text.BusFault_Handler
                0x000000000800796a        0x6 ./Core/Src/it.o
                0x000000000800796a                BusFault_Handler
 .text.UsageFault_Handler
                0x0000000008007970        0x6 ./Core/Src/it.o
                0x0000000008007970                UsageFault_Handler
 .text.SVC_Handler
                0x0000000008007976        0xe ./Core/Src/it.o
                0x0000000008007976                SVC_Handler
 .text.DebugMon_Handler
                0x0000000008007984        0xe ./Core/Src/it.o
                0x0000000008007984                DebugMon_Handler
 .text.PendSV_Handler
                0x0000000008007992        0xe ./Core/Src/it.o
                0x0000000008007992                PendSV_Handler
 .text.SysTick_Handler
                0x00000000080079a0       0x10 ./Core/Src/it.o
                0x00000000080079a0                SysTick_Handler
 .text.USART2_IRQHandler
                0x00000000080079b0       0x14 ./Core/Src/it.o
                0x00000000080079b0                USART2_IRQHandler
 .text.CAN1_TX_IRQHandler
                0x00000000080079c4       0x14 ./Core/Src/it.o
                0x00000000080079c4                CAN1_TX_IRQHandler
 .text.CAN1_RX0_IRQHandler
                0x00000000080079d8       0x14 ./Core/Src/it.o
                0x00000000080079d8                CAN1_RX0_IRQHandler
 .text.CAN1_RX1_IRQHandler
                0x00000000080079ec       0x14 ./Core/Src/it.o
                0x00000000080079ec                CAN1_RX1_IRQHandler
 .text.CAN1_SCE_IRQHandler
                0x0000000008007a00       0x14 ./Core/Src/it.o
                0x0000000008007a00                CAN1_SCE_IRQHandler
 .text.TIM6_DAC_IRQHandler
                0x0000000008007a14       0x14 ./Core/Src/it.o
                0x0000000008007a14                TIM6_DAC_IRQHandler
 .text.main     0x0000000008007a28      0x1fc ./Core/Src/main.o
                0x0000000008007a28                main
 .text.UART_Test_API
                0x0000000008007c24      0x2fc ./Core/Src/main.o
                0x0000000008007c24                UART_Test_API
 .text.CAN_Test_API
                0x0000000008007f20      0x1fc ./Core/Src/main.o
                0x0000000008007f20                CAN_Test_API
 .text.TinyBMS_MonitorCharging
                0x000000000800811c      0x10c ./Core/Src/main.o
                0x000000000800811c                TinyBMS_MonitorCharging
 .text.TinyBMS_MonitorDischarging
                0x0000000008008228       0x20 ./Core/Src/main.o
                0x0000000008008228                TinyBMS_MonitorDischarging
 .text.ElCon_SendMsg
                0x0000000008008248       0x30 ./Core/Src/main.o
                0x0000000008008248                ElCon_SendMsg
 .text.TinyBMS_Init
                0x0000000008008278      0x278 ./Core/Src/main.o
                0x0000000008008278                TinyBMS_Init
 .text.SystemClock_Config_HSI
                0x00000000080084f0      0x144 ./Core/Src/main.o
                0x00000000080084f0                SystemClock_Config_HSI
 .text.GPIO_Init
                0x0000000008008634       0xd8 ./Core/Src/main.o
                0x0000000008008634                GPIO_Init
 .text.UART_Init
                0x000000000800870c       0xb4 ./Core/Src/main.o
                0x000000000800870c                UART_Init
 .text.TIM_Init
                0x00000000080087c0       0x38 ./Core/Src/main.o
                0x00000000080087c0                TIM_Init
 .text.CAN_Init
                0x00000000080087f8       0x80 ./Core/Src/main.o
                0x00000000080087f8                CAN_Init
 .text.CAN_Filter_Config
                0x0000000008008878       0x5c ./Core/Src/main.o
                0x0000000008008878                CAN_Filter_Config
 .text.CAN_Begin
                0x00000000080088d4       0x30 ./Core/Src/main.o
                0x00000000080088d4                CAN_Begin
 .text.CAN1_Tx  0x0000000008008904       0xb4 ./Core/Src/main.o
                0x0000000008008904                CAN1_Tx
 .text.HAL_UART_TxCpltCallback
                0x00000000080089b8       0x28 ./Core/Src/main.o
                0x00000000080089b8                HAL_UART_TxCpltCallback
 .text.HAL_UART_RxCpltCallback
                0x00000000080089e0       0x28 ./Core/Src/main.o
                0x00000000080089e0                HAL_UART_RxCpltCallback
 .text.HAL_UART_ErrorCallback
                0x0000000008008a08       0x28 ./Core/Src/main.o
                0x0000000008008a08                HAL_UART_ErrorCallback
 .text.HAL_CAN_TxMailbox0CompleteCallback
                0x0000000008008a30       0x58 ./Core/Src/main.o
                0x0000000008008a30                HAL_CAN_TxMailbox0CompleteCallback
 .text.HAL_CAN_TxMailbox1CompleteCallback
                0x0000000008008a88       0x58 ./Core/Src/main.o
                0x0000000008008a88                HAL_CAN_TxMailbox1CompleteCallback
 .text.HAL_CAN_TxMailbox2CompleteCallback
                0x0000000008008ae0       0x58 ./Core/Src/main.o
                0x0000000008008ae0                HAL_CAN_TxMailbox2CompleteCallback
 .text.HAL_CAN_RxFifo0MsgPendingCallback
                0x0000000008008b38       0x40 ./Core/Src/main.o
                0x0000000008008b38                HAL_CAN_RxFifo0MsgPendingCallback
 .text.HAL_CAN_ErrorCallback
                0x0000000008008b78       0x58 ./Core/Src/main.o
                0x0000000008008b78                HAL_CAN_ErrorCallback
 .text.HAL_TIM_PeriodElapsedCallback
                0x0000000008008bd0       0x24 ./Core/Src/main.o
                0x0000000008008bd0                HAL_TIM_PeriodElapsedCallback
 .text.Error_Handler
                0x0000000008008bf4       0x10 ./Core/Src/main.o
                0x0000000008008bf4                Error_Handler
 .text.HAL_MspInit
                0x0000000008008c04       0x7c ./Core/Src/msp.o
                0x0000000008008c04                HAL_MspInit
 .text.HAL_CAN_MspInit
                0x0000000008008c80       0xc8 ./Core/Src/msp.o
                0x0000000008008c80                HAL_CAN_MspInit
 .text.HAL_UART_MspInit
                0x0000000008008d48       0xf8 ./Core/Src/msp.o
                0x0000000008008d48                HAL_UART_MspInit
 .text.HAL_TIM_Base_MspInit
                0x0000000008008e40       0x4c ./Core/Src/msp.o
                0x0000000008008e40                HAL_TIM_Base_MspInit
 .text.ITM_SendChar
                0x0000000008008e8c       0x50 ./Core/Src/syscalls.o
                0x0000000008008e8c                ITM_SendChar
 .text._getpid  0x0000000008008edc       0x10 ./Core/Src/syscalls.o
                0x0000000008008edc                _getpid
 .text._kill    0x0000000008008eec       0x20 ./Core/Src/syscalls.o
                0x0000000008008eec                _kill
 .text._exit    0x0000000008008f0c       0x14 ./Core/Src/syscalls.o
                0x0000000008008f0c                _exit
 .text._read    0x0000000008008f20       0x3a ./Core/Src/syscalls.o
                0x0000000008008f20                _read
 .text._write   0x0000000008008f5a       0x38 ./Core/Src/syscalls.o
                0x0000000008008f5a                _write
 .text._close   0x0000000008008f92       0x18 ./Core/Src/syscalls.o
                0x0000000008008f92                _close
 .text._fstat   0x0000000008008faa       0x20 ./Core/Src/syscalls.o
                0x0000000008008faa                _fstat
 .text._isatty  0x0000000008008fca       0x16 ./Core/Src/syscalls.o
                0x0000000008008fca                _isatty
 .text._lseek   0x0000000008008fe0       0x1a ./Core/Src/syscalls.o
                0x0000000008008fe0                _lseek
 *fill*         0x0000000008008ffa        0x2 
 .text._sbrk    0x0000000008008ffc       0x6c ./Core/Src/sysmem.o
                0x0000000008008ffc                _sbrk
 .text.SystemInit
                0x0000000008009068       0x24 ./Core/Src/system_stm32f7xx.o
                0x0000000008009068                SystemInit
 .text.Reset_Handler
                0x000000000800908c       0x50 ./Core/Startup/startup_stm32f746zgtx.o
                0x000000000800908c                Reset_Handler
 .text.Default_Handler
                0x00000000080090dc        0x2 ./Core/Startup/startup_stm32f746zgtx.o
                0x00000000080090dc                RTC_Alarm_IRQHandler
                0x00000000080090dc                EXTI2_IRQHandler
                0x00000000080090dc                TIM8_CC_IRQHandler
                0x00000000080090dc                UART8_IRQHandler
                0x00000000080090dc                SPI4_IRQHandler
                0x00000000080090dc                TIM1_CC_IRQHandler
                0x00000000080090dc                DMA2_Stream5_IRQHandler
                0x00000000080090dc                DMA1_Stream5_IRQHandler
                0x00000000080090dc                PVD_IRQHandler
                0x00000000080090dc                TAMP_STAMP_IRQHandler
                0x00000000080090dc                CAN2_RX1_IRQHandler
                0x00000000080090dc                EXTI3_IRQHandler
                0x00000000080090dc                TIM8_TRG_COM_TIM14_IRQHandler
                0x00000000080090dc                TIM1_UP_TIM10_IRQHandler
                0x00000000080090dc                TIM8_UP_TIM13_IRQHandler
                0x00000000080090dc                I2C3_ER_IRQHandler
                0x00000000080090dc                EXTI0_IRQHandler
                0x00000000080090dc                I2C2_EV_IRQHandler
                0x00000000080090dc                DMA1_Stream2_IRQHandler
                0x00000000080090dc                FPU_IRQHandler
                0x00000000080090dc                OTG_HS_WKUP_IRQHandler
                0x00000000080090dc                LTDC_ER_IRQHandler
                0x00000000080090dc                CAN2_SCE_IRQHandler
                0x00000000080090dc                DMA2_Stream2_IRQHandler
                0x00000000080090dc                SPI1_IRQHandler
                0x00000000080090dc                TIM1_BRK_TIM9_IRQHandler
                0x00000000080090dc                DCMI_IRQHandler
                0x00000000080090dc                CAN2_RX0_IRQHandler
                0x00000000080090dc                DMA2_Stream3_IRQHandler
                0x00000000080090dc                SAI2_IRQHandler
                0x00000000080090dc                USART6_IRQHandler
                0x00000000080090dc                USART3_IRQHandler
                0x00000000080090dc                UART5_IRQHandler
                0x00000000080090dc                DMA2_Stream0_IRQHandler
                0x00000000080090dc                TIM4_IRQHandler
                0x00000000080090dc                QUADSPI_IRQHandler
                0x00000000080090dc                I2C1_EV_IRQHandler
                0x00000000080090dc                DMA1_Stream6_IRQHandler
                0x00000000080090dc                DMA1_Stream1_IRQHandler
                0x00000000080090dc                UART4_IRQHandler
                0x00000000080090dc                TIM3_IRQHandler
                0x00000000080090dc                RCC_IRQHandler
                0x00000000080090dc                TIM8_BRK_TIM12_IRQHandler
                0x00000000080090dc                Default_Handler
                0x00000000080090dc                CEC_IRQHandler
                0x00000000080090dc                EXTI15_10_IRQHandler
                0x00000000080090dc                ADC_IRQHandler
                0x00000000080090dc                DMA1_Stream7_IRQHandler
                0x00000000080090dc                SPI5_IRQHandler
                0x00000000080090dc                TIM7_IRQHandler
                0x00000000080090dc                SDMMC1_IRQHandler
                0x00000000080090dc                CAN2_TX_IRQHandler
                0x00000000080090dc                TIM5_IRQHandler
                0x00000000080090dc                DMA2_Stream7_IRQHandler
                0x00000000080090dc                I2C3_EV_IRQHandler
                0x00000000080090dc                EXTI9_5_IRQHandler
                0x00000000080090dc                RTC_WKUP_IRQHandler
                0x00000000080090dc                LTDC_IRQHandler
                0x00000000080090dc                ETH_WKUP_IRQHandler
                0x00000000080090dc                SPDIF_RX_IRQHandler
                0x00000000080090dc                SPI2_IRQHandler
                0x00000000080090dc                OTG_HS_EP1_IN_IRQHandler
                0x00000000080090dc                DMA1_Stream0_IRQHandler
                0x00000000080090dc                EXTI4_IRQHandler
                0x00000000080090dc                RNG_IRQHandler
                0x00000000080090dc                ETH_IRQHandler
                0x00000000080090dc                OTG_HS_EP1_OUT_IRQHandler
                0x00000000080090dc                WWDG_IRQHandler
                0x00000000080090dc                SPI6_IRQHandler
                0x00000000080090dc                I2C4_EV_IRQHandler
                0x00000000080090dc                TIM2_IRQHandler
                0x00000000080090dc                OTG_FS_WKUP_IRQHandler
                0x00000000080090dc                TIM1_TRG_COM_TIM11_IRQHandler
                0x00000000080090dc                OTG_HS_IRQHandler
                0x00000000080090dc                DMA2D_IRQHandler
                0x00000000080090dc                EXTI1_IRQHandler
                0x00000000080090dc                UART7_IRQHandler
                0x00000000080090dc                I2C2_ER_IRQHandler
                0x00000000080090dc                DMA2_Stream1_IRQHandler
                0x00000000080090dc                FLASH_IRQHandler
                0x00000000080090dc                DMA2_Stream4_IRQHandler
                0x00000000080090dc                USART1_IRQHandler
                0x00000000080090dc                OTG_FS_IRQHandler
                0x00000000080090dc                SPI3_IRQHandler
                0x00000000080090dc                DMA1_Stream4_IRQHandler
                0x00000000080090dc                I2C1_ER_IRQHandler
                0x00000000080090dc                FMC_IRQHandler
                0x00000000080090dc                LPTIM1_IRQHandler
                0x00000000080090dc                I2C4_ER_IRQHandler
                0x00000000080090dc                DMA2_Stream6_IRQHandler
                0x00000000080090dc                SAI1_IRQHandler
                0x00000000080090dc                DMA1_Stream3_IRQHandler
 .text.HAL_Init
                0x00000000080090de       0x1a ./Drivers/STM32F7xx_HAL_Driver/Src/stm32f7xx_hal.o
                0x00000000080090de                HAL_Init
 .text.HAL_InitTick
                0x00000000080090f8       0x60 ./Drivers/STM32F7xx_HAL_Driver/Src/stm32f7xx_hal.o
                0x00000000080090f8                HAL_InitTick
 .text.HAL_IncTick
                0x0000000008009158       0x28 ./Drivers/STM32F7xx_HAL_Driver/Src/stm32f7xx_hal.o
                0x0000000008009158                HAL_IncTick
 .text.HAL_GetTick
                0x0000000008009180       0x18 ./Drivers/STM32F7xx_HAL_Driver/Src/stm32f7xx_hal.o
                0x0000000008009180                HAL_GetTick
 .text.HAL_CAN_Init
                0x0000000008009198      0x1f6 ./Drivers/STM32F7xx_HAL_Driver/Src/stm32f7xx_hal_can.o
                0x0000000008009198                HAL_CAN_Init
 *fill*         0x000000000800938e        0x2 
 .text.HAL_CAN_ConfigFilter
                0x0000000008009390      0x1c0 ./Drivers/STM32F7xx_HAL_Driver/Src/stm32f7xx_hal_can.o
                0x0000000008009390                HAL_CAN_ConfigFilter
 .text.HAL_CAN_Start
                0x0000000008009550       0x88 ./Drivers/STM32F7xx_HAL_Driver/Src/stm32f7xx_hal_can.o
                0x0000000008009550                HAL_CAN_Start
 .text.HAL_CAN_AddTxMessage
                0x00000000080095d8      0x1b6 ./Drivers/STM32F7xx_HAL_Driver/Src/stm32f7xx_hal_can.o
                0x00000000080095d8                HAL_CAN_AddTxMessage
 .text.HAL_CAN_GetRxMessage
                0x000000000800978e      0x224 ./Drivers/STM32F7xx_HAL_Driver/Src/stm32f7xx_hal_can.o
                0x000000000800978e                HAL_CAN_GetRxMessage
 .text.HAL_CAN_GetRxFifoFillLevel
                0x00000000080099b2       0x50 ./Drivers/STM32F7xx_HAL_Driver/Src/stm32f7xx_hal_can.o
                0x00000000080099b2                HAL_CAN_GetRxFifoFillLevel
 .text.HAL_CAN_ActivateNotification
                0x0000000008009a02       0x4c ./Drivers/STM32F7xx_HAL_Driver/Src/stm32f7xx_hal_can.o
                0x0000000008009a02                HAL_CAN_ActivateNotification
 .text.HAL_CAN_DeactivateNotification
                0x0000000008009a4e       0x4e ./Drivers/STM32F7xx_HAL_Driver/Src/stm32f7xx_hal_can.o
                0x0000000008009a4e                HAL_CAN_DeactivateNotification
 .text.HAL_CAN_IRQHandler
                0x0000000008009a9c      0x36e ./Drivers/STM32F7xx_HAL_Driver/Src/stm32f7xx_hal_can.o
                0x0000000008009a9c                HAL_CAN_IRQHandler
 .text.HAL_CAN_TxMailbox0AbortCallback
                0x0000000008009e0a       0x14 ./Drivers/STM32F7xx_HAL_Driver/Src/stm32f7xx_hal_can.o
                0x0000000008009e0a                HAL_CAN_TxMailbox0AbortCallback
 .text.HAL_CAN_TxMailbox1AbortCallback
                0x0000000008009e1e       0x14 ./Drivers/STM32F7xx_HAL_Driver/Src/stm32f7xx_hal_can.o
                0x0000000008009e1e                HAL_CAN_TxMailbox1AbortCallback
 .text.HAL_CAN_TxMailbox2AbortCallback
                0x0000000008009e32       0x14 ./Drivers/STM32F7xx_HAL_Driver/Src/stm32f7xx_hal_can.o
                0x0000000008009e32                HAL_CAN_TxMailbox2AbortCallback
 .text.HAL_CAN_RxFifo0FullCallback
                0x0000000008009e46       0x14 ./Drivers/STM32F7xx_HAL_Driver/Src/stm32f7xx_hal_can.o
                0x0000000008009e46                HAL_CAN_RxFifo0FullCallback
 .text.HAL_CAN_RxFifo1MsgPendingCallback
                0x0000000008009e5a       0x14 ./Drivers/STM32F7xx_HAL_Driver/Src/stm32f7xx_hal_can.o
                0x0000000008009e5a                HAL_CAN_RxFifo1MsgPendingCallback
 .text.HAL_CAN_RxFifo1FullCallback
                0x0000000008009e6e       0x14 ./Drivers/STM32F7xx_HAL_Driver/Src/stm32f7xx_hal_can.o
                0x0000000008009e6e                HAL_CAN_RxFifo1FullCallback
 .text.HAL_CAN_SleepCallback
                0x0000000008009e82       0x14 ./Drivers/STM32F7xx_HAL_Driver/Src/stm32f7xx_hal_can.o
                0x0000000008009e82                HAL_CAN_SleepCallback
 .text.HAL_CAN_WakeUpFromRxMsgCallback
                0x0000000008009e96       0x14 ./Drivers/STM32F7xx_HAL_Driver/Src/stm32f7xx_hal_can.o
                0x0000000008009e96                HAL_CAN_WakeUpFromRxMsgCallback
 *fill*         0x0000000008009eaa        0x2 
 .text.__NVIC_SetPriorityGrouping
                0x0000000008009eac       0x48 ./Drivers/STM32F7xx_HAL_Driver/Src/stm32f7xx_hal_cortex.o
 .text.__NVIC_GetPriorityGrouping
                0x0000000008009ef4       0x1c ./Drivers/STM32F7xx_HAL_Driver/Src/stm32f7xx_hal_cortex.o
 .text.__NVIC_EnableIRQ
                0x0000000008009f10       0x3c ./Drivers/STM32F7xx_HAL_Driver/Src/stm32f7xx_hal_cortex.o
 .text.__NVIC_SetPriority
                0x0000000008009f4c       0x54 ./Drivers/STM32F7xx_HAL_Driver/Src/stm32f7xx_hal_cortex.o
 .text.NVIC_EncodePriority
                0x0000000008009fa0       0x66 ./Drivers/STM32F7xx_HAL_Driver/Src/stm32f7xx_hal_cortex.o
 *fill*         0x000000000800a006        0x2 
 .text.SysTick_Config
                0x000000000800a008       0x44 ./Drivers/STM32F7xx_HAL_Driver/Src/stm32f7xx_hal_cortex.o
 .text.HAL_NVIC_SetPriorityGrouping
                0x000000000800a04c       0x16 ./Drivers/STM32F7xx_HAL_Driver/Src/stm32f7xx_hal_cortex.o
                0x000000000800a04c                HAL_NVIC_SetPriorityGrouping
 .text.HAL_NVIC_SetPriority
                0x000000000800a062       0x38 ./Drivers/STM32F7xx_HAL_Driver/Src/stm32f7xx_hal_cortex.o
                0x000000000800a062                HAL_NVIC_SetPriority
 .text.HAL_NVIC_EnableIRQ
                0x000000000800a09a       0x1c ./Drivers/STM32F7xx_HAL_Driver/Src/stm32f7xx_hal_cortex.o
                0x000000000800a09a                HAL_NVIC_EnableIRQ
 .text.HAL_SYSTICK_Config
                0x000000000800a0b6       0x18 ./Drivers/STM32F7xx_HAL_Driver/Src/stm32f7xx_hal_cortex.o
                0x000000000800a0b6                HAL_SYSTICK_Config
 *fill*         0x000000000800a0ce        0x2 
 .text.HAL_SYSTICK_CLKSourceConfig
                0x000000000800a0d0       0x38 ./Drivers/STM32F7xx_HAL_Driver/Src/stm32f7xx_hal_cortex.o
                0x000000000800a0d0                HAL_SYSTICK_CLKSourceConfig
 .text.HAL_SYSTICK_IRQHandler
                0x000000000800a108        0xc ./Drivers/STM32F7xx_HAL_Driver/Src/stm32f7xx_hal_cortex.o
                0x000000000800a108                HAL_SYSTICK_IRQHandler
 .text.HAL_SYSTICK_Callback
                0x000000000800a114        0xe ./Drivers/STM32F7xx_HAL_Driver/Src/stm32f7xx_hal_cortex.o
                0x000000000800a114                HAL_SYSTICK_Callback
 .text.HAL_DMA_Abort
                0x000000000800a122       0xe0 ./Drivers/STM32F7xx_HAL_Driver/Src/stm32f7xx_hal_dma.o
                0x000000000800a122                HAL_DMA_Abort
 .text.HAL_DMA_Abort_IT
                0x000000000800a202       0x44 ./Drivers/STM32F7xx_HAL_Driver/Src/stm32f7xx_hal_dma.o
                0x000000000800a202                HAL_DMA_Abort_IT
 *fill*         0x000000000800a246        0x2 
 .text.HAL_GPIO_Init
                0x000000000800a248      0x358 ./Drivers/STM32F7xx_HAL_Driver/Src/stm32f7xx_hal_gpio.o
                0x000000000800a248                HAL_GPIO_Init
 .text.HAL_GPIO_WritePin
                0x000000000800a5a0       0x32 ./Drivers/STM32F7xx_HAL_Driver/Src/stm32f7xx_hal_gpio.o
                0x000000000800a5a0                HAL_GPIO_WritePin
 *fill*         0x000000000800a5d2        0x2 
 .text.HAL_RCC_OscConfig
                0x000000000800a5d4      0x548 ./Drivers/STM32F7xx_HAL_Driver/Src/stm32f7xx_hal_rcc.o
                0x000000000800a5d4                HAL_RCC_OscConfig
 .text.HAL_RCC_ClockConfig
                0x000000000800ab1c      0x1d8 ./Drivers/STM32F7xx_HAL_Driver/Src/stm32f7xx_hal_rcc.o
                0x000000000800ab1c                HAL_RCC_ClockConfig
 .text.HAL_RCC_GetSysClockFreq
                0x000000000800acf4      0x20c ./Drivers/STM32F7xx_HAL_Driver/Src/stm32f7xx_hal_rcc.o
                0x000000000800acf4                HAL_RCC_GetSysClockFreq
 .text.HAL_RCC_GetHCLKFreq
                0x000000000800af00       0x18 ./Drivers/STM32F7xx_HAL_Driver/Src/stm32f7xx_hal_rcc.o
                0x000000000800af00                HAL_RCC_GetHCLKFreq
 .text.HAL_RCC_GetPCLK1Freq
                0x000000000800af18       0x28 ./Drivers/STM32F7xx_HAL_Driver/Src/stm32f7xx_hal_rcc.o
                0x000000000800af18                HAL_RCC_GetPCLK1Freq
 .text.HAL_RCC_GetPCLK2Freq
                0x000000000800af40       0x28 ./Drivers/STM32F7xx_HAL_Driver/Src/stm32f7xx_hal_rcc.o
                0x000000000800af40                HAL_RCC_GetPCLK2Freq
 .text.HAL_TIM_Base_Init
                0x000000000800af68       0xae ./Drivers/STM32F7xx_HAL_Driver/Src/stm32f7xx_hal_tim.o
                0x000000000800af68                HAL_TIM_Base_Init
 *fill*         0x000000000800b016        0x2 
 .text.HAL_TIM_Base_Start_IT
                0x000000000800b018       0xf0 ./Drivers/STM32F7xx_HAL_Driver/Src/stm32f7xx_hal_tim.o
                0x000000000800b018                HAL_TIM_Base_Start_IT
 .text.HAL_TIM_Base_Stop_IT
                0x000000000800b108       0x5e ./Drivers/STM32F7xx_HAL_Driver/Src/stm32f7xx_hal_tim.o
                0x000000000800b108                HAL_TIM_Base_Stop_IT
 .text.HAL_TIM_IRQHandler
                0x000000000800b166      0x23e ./Drivers/STM32F7xx_HAL_Driver/Src/stm32f7xx_hal_tim.o
                0x000000000800b166                HAL_TIM_IRQHandler
 .text.HAL_TIM_OC_DelayElapsedCallback
                0x000000000800b3a4       0x14 ./Drivers/STM32F7xx_HAL_Driver/Src/stm32f7xx_hal_tim.o
                0x000000000800b3a4                HAL_TIM_OC_DelayElapsedCallback
 .text.HAL_TIM_IC_CaptureCallback
                0x000000000800b3b8       0x14 ./Drivers/STM32F7xx_HAL_Driver/Src/stm32f7xx_hal_tim.o
                0x000000000800b3b8                HAL_TIM_IC_CaptureCallback
 .text.HAL_TIM_PWM_PulseFinishedCallback
                0x000000000800b3cc       0x14 ./Drivers/STM32F7xx_HAL_Driver/Src/stm32f7xx_hal_tim.o
                0x000000000800b3cc                HAL_TIM_PWM_PulseFinishedCallback
 .text.HAL_TIM_TriggerCallback
                0x000000000800b3e0       0x14 ./Drivers/STM32F7xx_HAL_Driver/Src/stm32f7xx_hal_tim.o
                0x000000000800b3e0                HAL_TIM_TriggerCallback
 .text.TIM_Base_SetConfig
                0x000000000800b3f4      0x140 ./Drivers/STM32F7xx_HAL_Driver/Src/stm32f7xx_hal_tim.o
                0x000000000800b3f4                TIM_Base_SetConfig
 .text.HAL_TIMEx_CommutCallback
                0x000000000800b534       0x14 ./Drivers/STM32F7xx_HAL_Driver/Src/stm32f7xx_hal_tim_ex.o
                0x000000000800b534                HAL_TIMEx_CommutCallback
 .text.HAL_TIMEx_BreakCallback
                0x000000000800b548       0x14 ./Drivers/STM32F7xx_HAL_Driver/Src/stm32f7xx_hal_tim_ex.o
                0x000000000800b548                HAL_TIMEx_BreakCallback
 .text.HAL_TIMEx_Break2Callback
                0x000000000800b55c       0x14 ./Drivers/STM32F7xx_HAL_Driver/Src/stm32f7xx_hal_tim_ex.o
                0x000000000800b55c                HAL_TIMEx_Break2Callback
 .text.HAL_UART_Init
                0x000000000800b570       0x9c ./Drivers/STM32F7xx_HAL_Driver/Src/stm32f7xx_hal_uart.o
                0x000000000800b570                HAL_UART_Init
 .text.HAL_UART_Transmit
                0x000000000800b60c      0x126 ./Drivers/STM32F7xx_HAL_Driver/Src/stm32f7xx_hal_uart.o
                0x000000000800b60c                HAL_UART_Transmit
 *fill*         0x000000000800b732        0x2 
 .text.HAL_UART_Transmit_IT
                0x000000000800b734       0xdc ./Drivers/STM32F7xx_HAL_Driver/Src/stm32f7xx_hal_uart.o
                0x000000000800b734                HAL_UART_Transmit_IT
 .text.HAL_UART_Receive_IT
                0x000000000800b810       0x9c ./Drivers/STM32F7xx_HAL_Driver/Src/stm32f7xx_hal_uart.o
                0x000000000800b810                HAL_UART_Receive_IT
 .text.HAL_UART_IRQHandler
                0x000000000800b8ac      0x594 ./Drivers/STM32F7xx_HAL_Driver/Src/stm32f7xx_hal_uart.o
                0x000000000800b8ac                HAL_UART_IRQHandler
 .text.HAL_UARTEx_RxEventCallback
                0x000000000800be40       0x18 ./Drivers/STM32F7xx_HAL_Driver/Src/stm32f7xx_hal_uart.o
                0x000000000800be40                HAL_UARTEx_RxEventCallback
 .text.UART_SetConfig
                0x000000000800be58      0x4c8 ./Drivers/STM32F7xx_HAL_Driver/Src/stm32f7xx_hal_uart.o
                0x000000000800be58                UART_SetConfig
 .text.UART_AdvFeatureConfig
                0x000000000800c320      0x144 ./Drivers/STM32F7xx_HAL_Driver/Src/stm32f7xx_hal_uart.o
                0x000000000800c320                UART_AdvFeatureConfig
 .text.UART_CheckIdleState
                0x000000000800c464       0x66 ./Drivers/STM32F7xx_HAL_Driver/Src/stm32f7xx_hal_uart.o
                0x000000000800c464                UART_CheckIdleState
 .text.UART_WaitOnFlagUntilTimeout
                0x000000000800c4ca      0x188 ./Drivers/STM32F7xx_HAL_Driver/Src/stm32f7xx_hal_uart.o
                0x000000000800c4ca                UART_WaitOnFlagUntilTimeout
 *fill*         0x000000000800c652        0x2 
 .text.UART_Start_Receive_IT
                0x000000000800c654      0x194 ./Drivers/STM32F7xx_HAL_Driver/Src/stm32f7xx_hal_uart.o
                0x000000000800c654                UART_Start_Receive_IT
 .text.UART_EndRxTransfer
                0x000000000800c7e8       0xc6 ./Drivers/STM32F7xx_HAL_Driver/Src/stm32f7xx_hal_uart.o
 .text.UART_DMAAbortOnError
                0x000000000800c8ae       0x2c ./Drivers/STM32F7xx_HAL_Driver/Src/stm32f7xx_hal_uart.o
 .text.UART_TxISR_8BIT
                0x000000000800c8da       0xb6 ./Drivers/STM32F7xx_HAL_Driver/Src/stm32f7xx_hal_uart.o
 .text.UART_TxISR_16BIT
                0x000000000800c990       0xc0 ./Drivers/STM32F7xx_HAL_Driver/Src/stm32f7xx_hal_uart.o
 .text.UART_EndTransmit_IT
                0x000000000800ca50       0x54 ./Drivers/STM32F7xx_HAL_Driver/Src/stm32f7xx_hal_uart.o
 .text.UART_RxISR_8BIT
                0x000000000800caa4      0x15c ./Drivers/STM32F7xx_HAL_Driver/Src/stm32f7xx_hal_uart.o
 .text.UART_RxISR_16BIT
                0x000000000800cc00      0x15c ./Drivers/STM32F7xx_HAL_Driver/Src/stm32f7xx_hal_uart.o
 .text.__errno  0x000000000800cd5c        0xc c:/st/stm32cubeide_1.4.0/stm32cubeide/plugins/com.st.stm32cube.ide.mcu.externaltools.gnu-tools-for-stm32.10.3-2021.10.win32_1.0.0.202111181127/tools/bin/../lib/gcc/arm-none-eabi/10.3.1/../../../../arm-none-eabi/lib/thumb/v7e-m+fp/hard\libc_nano.a(lib_a-errno.o)
                0x000000000800cd5c                __errno
 .text.__libc_init_array
                0x000000000800cd68       0x48 c:/st/stm32cubeide_1.4.0/stm32cubeide/plugins/com.st.stm32cube.ide.mcu.externaltools.gnu-tools-for-stm32.10.3-2021.10.win32_1.0.0.202111181127/tools/bin/../lib/gcc/arm-none-eabi/10.3.1/../../../../arm-none-eabi/lib/thumb/v7e-m+fp/hard\libc_nano.a(lib_a-init.o)
                0x000000000800cd68                __libc_init_array
 .text.memset   0x000000000800cdb0       0x10 c:/st/stm32cubeide_1.4.0/stm32cubeide/plugins/com.st.stm32cube.ide.mcu.externaltools.gnu-tools-for-stm32.10.3-2021.10.win32_1.0.0.202111181127/tools/bin/../lib/gcc/arm-none-eabi/10.3.1/../../../../arm-none-eabi/lib/thumb/v7e-m+fp/hard\libc_nano.a(lib_a-memset.o)
                0x000000000800cdb0                memset
 .text.__cvt    0x000000000800cdc0       0xc4 c:/st/stm32cubeide_1.4.0/stm32cubeide/plugins/com.st.stm32cube.ide.mcu.externaltools.gnu-tools-for-stm32.10.3-2021.10.win32_1.0.0.202111181127/tools/bin/../lib/gcc/arm-none-eabi/10.3.1/../../../../arm-none-eabi/lib/thumb/v7e-m+fp/hard\libc_nano.a(lib_a-nano-vfprintf_float.o)
                0x000000000800cdc0                __cvt
 .text.__exponent
                0x000000000800ce84       0x7c c:/st/stm32cubeide_1.4.0/stm32cubeide/plugins/com.st.stm32cube.ide.mcu.externaltools.gnu-tools-for-stm32.10.3-2021.10.win32_1.0.0.202111181127/tools/bin/../lib/gcc/arm-none-eabi/10.3.1/../../../../arm-none-eabi/lib/thumb/v7e-m+fp/hard\libc_nano.a(lib_a-nano-vfprintf_float.o)
                0x000000000800ce84                __exponent
 .text._printf_float
                0x000000000800cf00      0x46c c:/st/stm32cubeide_1.4.0/stm32cubeide/plugins/com.st.stm32cube.ide.mcu.externaltools.gnu-tools-for-stm32.10.3-2021.10.win32_1.0.0.202111181127/tools/bin/../lib/gcc/arm-none-eabi/10.3.1/../../../../arm-none-eabi/lib/thumb/v7e-m+fp/hard\libc_nano.a(lib_a-nano-vfprintf_float.o)
                0x000000000800cf00                _printf_float
 .text._printf_common
                0x000000000800d36c       0xda c:/st/stm32cubeide_1.4.0/stm32cubeide/plugins/com.st.stm32cube.ide.mcu.externaltools.gnu-tools-for-stm32.10.3-2021.10.win32_1.0.0.202111181127/tools/bin/../lib/gcc/arm-none-eabi/10.3.1/../../../../arm-none-eabi/lib/thumb/v7e-m+fp/hard\libc_nano.a(lib_a-nano-vfprintf_i.o)
                0x000000000800d36c                _printf_common
 *fill*         0x000000000800d446        0x2 
 .text._printf_i
                0x000000000800d448      0x24c c:/st/stm32cubeide_1.4.0/stm32cubeide/plugins/com.st.stm32cube.ide.mcu.externaltools.gnu-tools-for-stm32.10.3-2021.10.win32_1.0.0.202111181127/tools/bin/../lib/gcc/arm-none-eabi/10.3.1/../../../../arm-none-eabi/lib/thumb/v7e-m+fp/hard\libc_nano.a(lib_a-nano-vfprintf_i.o)
                0x000000000800d448                _printf_i
 .text.printf   0x000000000800d694       0x30 c:/st/stm32cubeide_1.4.0/stm32cubeide/plugins/com.st.stm32cube.ide.mcu.externaltools.gnu-tools-for-stm32.10.3-2021.10.win32_1.0.0.202111181127/tools/bin/../lib/gcc/arm-none-eabi/10.3.1/../../../../arm-none-eabi/lib/thumb/v7e-m+fp/hard\libc_nano.a(lib_a-printf.o)
                0x000000000800d694                iprintf
                0x000000000800d694                printf
 .text._puts_r  0x000000000800d6c4       0xdc c:/st/stm32cubeide_1.4.0/stm32cubeide/plugins/com.st.stm32cube.ide.mcu.externaltools.gnu-tools-for-stm32.10.3-2021.10.win32_1.0.0.202111181127/tools/bin/../lib/gcc/arm-none-eabi/10.3.1/../../../../arm-none-eabi/lib/thumb/v7e-m+fp/hard\libc_nano.a(lib_a-puts.o)
                0x000000000800d6c4                _puts_r
 .text.puts     0x000000000800d7a0       0x10 c:/st/stm32cubeide_1.4.0/stm32cubeide/plugins/com.st.stm32cube.ide.mcu.externaltools.gnu-tools-for-stm32.10.3-2021.10.win32_1.0.0.202111181127/tools/bin/../lib/gcc/arm-none-eabi/10.3.1/../../../../arm-none-eabi/lib/thumb/v7e-m+fp/hard\libc_nano.a(lib_a-puts.o)
                0x000000000800d7a0                puts
 .text.scanf    0x000000000800d7b0       0x30 c:/st/stm32cubeide_1.4.0/stm32cubeide/plugins/com.st.stm32cube.ide.mcu.externaltools.gnu-tools-for-stm32.10.3-2021.10.win32_1.0.0.202111181127/tools/bin/../lib/gcc/arm-none-eabi/10.3.1/../../../../arm-none-eabi/lib/thumb/v7e-m+fp/hard\libc_nano.a(lib_a-scanf.o)
                0x000000000800d7b0                scanf
                0x000000000800d7b0                iscanf
 .text.sprintf  0x000000000800d7e0       0x40 c:/st/stm32cubeide_1.4.0/stm32cubeide/plugins/com.st.stm32cube.ide.mcu.externaltools.gnu-tools-for-stm32.10.3-2021.10.win32_1.0.0.202111181127/tools/bin/../lib/gcc/arm-none-eabi/10.3.1/../../../../arm-none-eabi/lib/thumb/v7e-m+fp/hard\libc_nano.a(lib_a-sprintf.o)
                0x000000000800d7e0                siprintf
                0x000000000800d7e0                sprintf
 .text.__swbuf_r
                0x000000000800d820       0xa4 c:/st/stm32cubeide_1.4.0/stm32cubeide/plugins/com.st.stm32cube.ide.mcu.externaltools.gnu-tools-for-stm32.10.3-2021.10.win32_1.0.0.202111181127/tools/bin/../lib/gcc/arm-none-eabi/10.3.1/../../../../arm-none-eabi/lib/thumb/v7e-m+fp/hard\libc_nano.a(lib_a-wbuf.o)
                0x000000000800d820                __swbuf_r
 .text.__swsetup_r
                0x000000000800d8c4       0xdc c:/st/stm32cubeide_1.4.0/stm32cubeide/plugins/com.st.stm32cube.ide.mcu.externaltools.gnu-tools-for-stm32.10.3-2021.10.win32_1.0.0.202111181127/tools/bin/../lib/gcc/arm-none-eabi/10.3.1/../../../../arm-none-eabi/lib/thumb/v7e-m+fp/hard\libc_nano.a(lib_a-wsetup.o)
                0x000000000800d8c4                __swsetup_r
 .text.quorem   0x000000000800d9a0      0x116 c:/st/stm32cubeide_1.4.0/stm32cubeide/plugins/com.st.stm32cube.ide.mcu.externaltools.gnu-tools-for-stm32.10.3-2021.10.win32_1.0.0.202111181127/tools/bin/../lib/gcc/arm-none-eabi/10.3.1/../../../../arm-none-eabi/lib/thumb/v7e-m+fp/hard\libc_nano.a(lib_a-dtoa.o)
 *fill*         0x000000000800dab6        0x2 
 .text._dtoa_r  0x000000000800dab8      0xbdc c:/st/stm32cubeide_1.4.0/stm32cubeide/plugins/com.st.stm32cube.ide.mcu.externaltools.gnu-tools-for-stm32.10.3-2021.10.win32_1.0.0.202111181127/tools/bin/../lib/gcc/arm-none-eabi/10.3.1/../../../../arm-none-eabi/lib/thumb/v7e-m+fp/hard\libc_nano.a(lib_a-dtoa.o)
                0x000000000800dab8                _dtoa_r
 .text.__sflush_r
                0x000000000800e694      0x10c c:/st/stm32cubeide_1.4.0/stm32cubeide/plugins/com.st.stm32cube.ide.mcu.externaltools.gnu-tools-for-stm32.10.3-2021.10.win32_1.0.0.202111181127/tools/bin/../lib/gcc/arm-none-eabi/10.3.1/../../../../arm-none-eabi/lib/thumb/v7e-m+fp/hard\libc_nano.a(lib_a-fflush.o)
                0x000000000800e694                __sflush_r
 .text._fflush_r
                0x000000000800e7a0       0x78 c:/st/stm32cubeide_1.4.0/stm32cubeide/plugins/com.st.stm32cube.ide.mcu.externaltools.gnu-tools-for-stm32.10.3-2021.10.win32_1.0.0.202111181127/tools/bin/../lib/gcc/arm-none-eabi/10.3.1/../../../../arm-none-eabi/lib/thumb/v7e-m+fp/hard\libc_nano.a(lib_a-fflush.o)
                0x000000000800e7a0                _fflush_r
 .text.fflush   0x000000000800e818       0x24 c:/st/stm32cubeide_1.4.0/stm32cubeide/plugins/com.st.stm32cube.ide.mcu.externaltools.gnu-tools-for-stm32.10.3-2021.10.win32_1.0.0.202111181127/tools/bin/../lib/gcc/arm-none-eabi/10.3.1/../../../../arm-none-eabi/lib/thumb/v7e-m+fp/hard\libc_nano.a(lib_a-fflush.o)
                0x000000000800e818                fflush
 .text.std      0x000000000800e83c       0x48 c:/st/stm32cubeide_1.4.0/stm32cubeide/plugins/com.st.stm32cube.ide.mcu.externaltools.gnu-tools-for-stm32.10.3-2021.10.win32_1.0.0.202111181127/tools/bin/../lib/gcc/arm-none-eabi/10.3.1/../../../../arm-none-eabi/lib/thumb/v7e-m+fp/hard\libc_nano.a(lib_a-findfp.o)
 .text._cleanup_r
                0x000000000800e884        0xc c:/st/stm32cubeide_1.4.0/stm32cubeide/plugins/com.st.stm32cube.ide.mcu.externaltools.gnu-tools-for-stm32.10.3-2021.10.win32_1.0.0.202111181127/tools/bin/../lib/gcc/arm-none-eabi/10.3.1/../../../../arm-none-eabi/lib/thumb/v7e-m+fp/hard\libc_nano.a(lib_a-findfp.o)
                0x000000000800e884                _cleanup_r
 .text.__sfmoreglue
                0x000000000800e890       0x2c c:/st/stm32cubeide_1.4.0/stm32cubeide/plugins/com.st.stm32cube.ide.mcu.externaltools.gnu-tools-for-stm32.10.3-2021.10.win32_1.0.0.202111181127/tools/bin/../lib/gcc/arm-none-eabi/10.3.1/../../../../arm-none-eabi/lib/thumb/v7e-m+fp/hard\libc_nano.a(lib_a-findfp.o)
                0x000000000800e890                __sfmoreglue
 .text.__sfp_lock_acquire
                0x000000000800e8bc        0xc c:/st/stm32cubeide_1.4.0/stm32cubeide/plugins/com.st.stm32cube.ide.mcu.externaltools.gnu-tools-for-stm32.10.3-2021.10.win32_1.0.0.202111181127/tools/bin/../lib/gcc/arm-none-eabi/10.3.1/../../../../arm-none-eabi/lib/thumb/v7e-m+fp/hard\libc_nano.a(lib_a-findfp.o)
                0x000000000800e8bc                __sfp_lock_acquire
 .text.__sfp_lock_release
                0x000000000800e8c8        0xc c:/st/stm32cubeide_1.4.0/stm32cubeide/plugins/com.st.stm32cube.ide.mcu.externaltools.gnu-tools-for-stm32.10.3-2021.10.win32_1.0.0.202111181127/tools/bin/../lib/gcc/arm-none-eabi/10.3.1/../../../../arm-none-eabi/lib/thumb/v7e-m+fp/hard\libc_nano.a(lib_a-findfp.o)
                0x000000000800e8c8                __sfp_lock_release
 .text.__sinit_lock_acquire
                0x000000000800e8d4        0xc c:/st/stm32cubeide_1.4.0/stm32cubeide/plugins/com.st.stm32cube.ide.mcu.externaltools.gnu-tools-for-stm32.10.3-2021.10.win32_1.0.0.202111181127/tools/bin/../lib/gcc/arm-none-eabi/10.3.1/../../../../arm-none-eabi/lib/thumb/v7e-m+fp/hard\libc_nano.a(lib_a-findfp.o)
                0x000000000800e8d4                __sinit_lock_acquire
 .text.__sinit_lock_release
                0x000000000800e8e0        0xc c:/st/stm32cubeide_1.4.0/stm32cubeide/plugins/com.st.stm32cube.ide.mcu.externaltools.gnu-tools-for-stm32.10.3-2021.10.win32_1.0.0.202111181127/tools/bin/../lib/gcc/arm-none-eabi/10.3.1/../../../../arm-none-eabi/lib/thumb/v7e-m+fp/hard\libc_nano.a(lib_a-findfp.o)
                0x000000000800e8e0                __sinit_lock_release
 .text.__sinit  0x000000000800e8ec       0x70 c:/st/stm32cubeide_1.4.0/stm32cubeide/plugins/com.st.stm32cube.ide.mcu.externaltools.gnu-tools-for-stm32.10.3-2021.10.win32_1.0.0.202111181127/tools/bin/../lib/gcc/arm-none-eabi/10.3.1/../../../../arm-none-eabi/lib/thumb/v7e-m+fp/hard\libc_nano.a(lib_a-findfp.o)
                0x000000000800e8ec                __sinit
 .text.__sfp    0x000000000800e95c       0x8c c:/st/stm32cubeide_1.4.0/stm32cubeide/plugins/com.st.stm32cube.ide.mcu.externaltools.gnu-tools-for-stm32.10.3-2021.10.win32_1.0.0.202111181127/tools/bin/../lib/gcc/arm-none-eabi/10.3.1/../../../../arm-none-eabi/lib/thumb/v7e-m+fp/hard\libc_nano.a(lib_a-findfp.o)
                0x000000000800e95c                __sfp
 .text._fwalk   0x000000000800e9e8       0x3a c:/st/stm32cubeide_1.4.0/stm32cubeide/plugins/com.st.stm32cube.ide.mcu.externaltools.gnu-tools-for-stm32.10.3-2021.10.win32_1.0.0.202111181127/tools/bin/../lib/gcc/arm-none-eabi/10.3.1/../../../../arm-none-eabi/lib/thumb/v7e-m+fp/hard\libc_nano.a(lib_a-fwalk.o)
                0x000000000800e9e8                _fwalk
 .text._fwalk_reent
                0x000000000800ea22       0x3e c:/st/stm32cubeide_1.4.0/stm32cubeide/plugins/com.st.stm32cube.ide.mcu.externaltools.gnu-tools-for-stm32.10.3-2021.10.win32_1.0.0.202111181127/tools/bin/../lib/gcc/arm-none-eabi/10.3.1/../../../../arm-none-eabi/lib/thumb/v7e-m+fp/hard\libc_nano.a(lib_a-fwalk.o)
                0x000000000800ea22                _fwalk_reent
 .text._localeconv_r
                0x000000000800ea60        0x8 c:/st/stm32cubeide_1.4.0/stm32cubeide/plugins/com.st.stm32cube.ide.mcu.externaltools.gnu-tools-for-stm32.10.3-2021.10.win32_1.0.0.202111181127/tools/bin/../lib/gcc/arm-none-eabi/10.3.1/../../../../arm-none-eabi/lib/thumb/v7e-m+fp/hard\libc_nano.a(lib_a-localeconv.o)
                0x000000000800ea60                _localeconv_r
 .text.__retarget_lock_init_recursive
                0x000000000800ea68        0x2 c:/st/stm32cubeide_1.4.0/stm32cubeide/plugins/com.st.stm32cube.ide.mcu.externaltools.gnu-tools-for-stm32.10.3-2021.10.win32_1.0.0.202111181127/tools/bin/../lib/gcc/arm-none-eabi/10.3.1/../../../../arm-none-eabi/lib/thumb/v7e-m+fp/hard\libc_nano.a(lib_a-lock.o)
                0x000000000800ea68                __retarget_lock_init_recursive
 .text.__retarget_lock_acquire_recursive
                0x000000000800ea6a        0x2 c:/st/stm32cubeide_1.4.0/stm32cubeide/plugins/com.st.stm32cube.ide.mcu.externaltools.gnu-tools-for-stm32.10.3-2021.10.win32_1.0.0.202111181127/tools/bin/../lib/gcc/arm-none-eabi/10.3.1/../../../../arm-none-eabi/lib/thumb/v7e-m+fp/hard\libc_nano.a(lib_a-lock.o)
                0x000000000800ea6a                __retarget_lock_acquire_recursive
 .text.__retarget_lock_release_recursive
                0x000000000800ea6c        0x2 c:/st/stm32cubeide_1.4.0/stm32cubeide/plugins/com.st.stm32cube.ide.mcu.externaltools.gnu-tools-for-stm32.10.3-2021.10.win32_1.0.0.202111181127/tools/bin/../lib/gcc/arm-none-eabi/10.3.1/../../../../arm-none-eabi/lib/thumb/v7e-m+fp/hard\libc_nano.a(lib_a-lock.o)
                0x000000000800ea6c                __retarget_lock_release_recursive
 .text.__swhatbuf_r
                0x000000000800ea6e       0x4a c:/st/stm32cubeide_1.4.0/stm32cubeide/plugins/com.st.stm32cube.ide.mcu.externaltools.gnu-tools-for-stm32.10.3-2021.10.win32_1.0.0.202111181127/tools/bin/../lib/gcc/arm-none-eabi/10.3.1/../../../../arm-none-eabi/lib/thumb/v7e-m+fp/hard\libc_nano.a(lib_a-makebuf.o)
                0x000000000800ea6e                __swhatbuf_r
 .text.__smakebuf_r
                0x000000000800eab8       0x80 c:/st/stm32cubeide_1.4.0/stm32cubeide/plugins/com.st.stm32cube.ide.mcu.externaltools.gnu-tools-for-stm32.10.3-2021.10.win32_1.0.0.202111181127/tools/bin/../lib/gcc/arm-none-eabi/10.3.1/../../../../arm-none-eabi/lib/thumb/v7e-m+fp/hard\libc_nano.a(lib_a-makebuf.o)
                0x000000000800eab8                __smakebuf_r
 .text.malloc   0x000000000800eb38       0x10 c:/st/stm32cubeide_1.4.0/stm32cubeide/plugins/com.st.stm32cube.ide.mcu.externaltools.gnu-tools-for-stm32.10.3-2021.10.win32_1.0.0.202111181127/tools/bin/../lib/gcc/arm-none-eabi/10.3.1/../../../../arm-none-eabi/lib/thumb/v7e-m+fp/hard\libc_nano.a(lib_a-malloc.o)
                0x000000000800eb38                malloc
 .text.memcpy   0x000000000800eb48       0x1c c:/st/stm32cubeide_1.4.0/stm32cubeide/plugins/com.st.stm32cube.ide.mcu.externaltools.gnu-tools-for-stm32.10.3-2021.10.win32_1.0.0.202111181127/tools/bin/../lib/gcc/arm-none-eabi/10.3.1/../../../../arm-none-eabi/lib/thumb/v7e-m+fp/hard\libc_nano.a(lib_a-memcpy-stub.o)
                0x000000000800eb48                memcpy
 .text._Balloc  0x000000000800eb64       0x80 c:/st/stm32cubeide_1.4.0/stm32cubeide/plugins/com.st.stm32cube.ide.mcu.externaltools.gnu-tools-for-stm32.10.3-2021.10.win32_1.0.0.202111181127/tools/bin/../lib/gcc/arm-none-eabi/10.3.1/../../../../arm-none-eabi/lib/thumb/v7e-m+fp/hard\libc_nano.a(lib_a-mprec.o)
                0x000000000800eb64                _Balloc
 .text._Bfree   0x000000000800ebe4       0x44 c:/st/stm32cubeide_1.4.0/stm32cubeide/plugins/com.st.stm32cube.ide.mcu.externaltools.gnu-tools-for-stm32.10.3-2021.10.win32_1.0.0.202111181127/tools/bin/../lib/gcc/arm-none-eabi/10.3.1/../../../../arm-none-eabi/lib/thumb/v7e-m+fp/hard\libc_nano.a(lib_a-mprec.o)
                0x000000000800ebe4                _Bfree
 .text.__multadd
                0x000000000800ec28       0x8c c:/st/stm32cubeide_1.4.0/stm32cubeide/plugins/com.st.stm32cube.ide.mcu.externaltools.gnu-tools-for-stm32.10.3-2021.10.win32_1.0.0.202111181127/tools/bin/../lib/gcc/arm-none-eabi/10.3.1/../../../../arm-none-eabi/lib/thumb/v7e-m+fp/hard\libc_nano.a(lib_a-mprec.o)
                0x000000000800ec28                __multadd
 .text.__hi0bits
                0x000000000800ecb4       0x40 c:/st/stm32cubeide_1.4.0/stm32cubeide/plugins/com.st.stm32cube.ide.mcu.externaltools.gnu-tools-for-stm32.10.3-2021.10.win32_1.0.0.202111181127/tools/bin/../lib/gcc/arm-none-eabi/10.3.1/../../../../arm-none-eabi/lib/thumb/v7e-m+fp/hard\libc_nano.a(lib_a-mprec.o)
                0x000000000800ecb4                __hi0bits
 .text.__lo0bits
                0x000000000800ecf4       0x5e c:/st/stm32cubeide_1.4.0/stm32cubeide/plugins/com.st.stm32cube.ide.mcu.externaltools.gnu-tools-for-stm32.10.3-2021.10.win32_1.0.0.202111181127/tools/bin/../lib/gcc/arm-none-eabi/10.3.1/../../../../arm-none-eabi/lib/thumb/v7e-m+fp/hard\libc_nano.a(lib_a-mprec.o)
                0x000000000800ecf4                __lo0bits
 *fill*         0x000000000800ed52        0x2 
 .text.__i2b    0x000000000800ed54       0x2c c:/st/stm32cubeide_1.4.0/stm32cubeide/plugins/com.st.stm32cube.ide.mcu.externaltools.gnu-tools-for-stm32.10.3-2021.10.win32_1.0.0.202111181127/tools/bin/../lib/gcc/arm-none-eabi/10.3.1/../../../../arm-none-eabi/lib/thumb/v7e-m+fp/hard\libc_nano.a(lib_a-mprec.o)
                0x000000000800ed54                __i2b
 .text.__multiply
                0x000000000800ed80      0x154 c:/st/stm32cubeide_1.4.0/stm32cubeide/plugins/com.st.stm32cube.ide.mcu.externaltools.gnu-tools-for-stm32.10.3-2021.10.win32_1.0.0.202111181127/tools/bin/../lib/gcc/arm-none-eabi/10.3.1/../../../../arm-none-eabi/lib/thumb/v7e-m+fp/hard\libc_nano.a(lib_a-mprec.o)
                0x000000000800ed80                __multiply
 .text.__pow5mult
                0x000000000800eed4       0xb4 c:/st/stm32cubeide_1.4.0/stm32cubeide/plugins/com.st.stm32cube.ide.mcu.externaltools.gnu-tools-for-stm32.10.3-2021.10.win32_1.0.0.202111181127/tools/bin/../lib/gcc/arm-none-eabi/10.3.1/../../../../arm-none-eabi/lib/thumb/v7e-m+fp/hard\libc_nano.a(lib_a-mprec.o)
                0x000000000800eed4                __pow5mult
 .text.__lshift
                0x000000000800ef88       0xe0 c:/st/stm32cubeide_1.4.0/stm32cubeide/plugins/com.st.stm32cube.ide.mcu.externaltools.gnu-tools-for-stm32.10.3-2021.10.win32_1.0.0.202111181127/tools/bin/../lib/gcc/arm-none-eabi/10.3.1/../../../../arm-none-eabi/lib/thumb/v7e-m+fp/hard\libc_nano.a(lib_a-mprec.o)
                0x000000000800ef88                __lshift
 .text.__mcmp   0x000000000800f068       0x38 c:/st/stm32cubeide_1.4.0/stm32cubeide/plugins/com.st.stm32cube.ide.mcu.externaltools.gnu-tools-for-stm32.10.3-2021.10.win32_1.0.0.202111181127/tools/bin/../lib/gcc/arm-none-eabi/10.3.1/../../../../arm-none-eabi/lib/thumb/v7e-m+fp/hard\libc_nano.a(lib_a-mprec.o)
                0x000000000800f068                __mcmp
 .text.__mdiff  0x000000000800f0a0      0x114 c:/st/stm32cubeide_1.4.0/stm32cubeide/plugins/com.st.stm32cube.ide.mcu.externaltools.gnu-tools-for-stm32.10.3-2021.10.win32_1.0.0.202111181127/tools/bin/../lib/gcc/arm-none-eabi/10.3.1/../../../../arm-none-eabi/lib/thumb/v7e-m+fp/hard\libc_nano.a(lib_a-mprec.o)
                0x000000000800f0a0                __mdiff
 .text.__d2b    0x000000000800f1b4       0xb8 c:/st/stm32cubeide_1.4.0/stm32cubeide/plugins/com.st.stm32cube.ide.mcu.externaltools.gnu-tools-for-stm32.10.3-2021.10.win32_1.0.0.202111181127/tools/bin/../lib/gcc/arm-none-eabi/10.3.1/../../../../arm-none-eabi/lib/thumb/v7e-m+fp/hard\libc_nano.a(lib_a-mprec.o)
                0x000000000800f1b4                __d2b
 .text._calloc_r
                0x000000000800f26c       0x2c c:/st/stm32cubeide_1.4.0/stm32cubeide/plugins/com.st.stm32cube.ide.mcu.externaltools.gnu-tools-for-stm32.10.3-2021.10.win32_1.0.0.202111181127/tools/bin/../lib/gcc/arm-none-eabi/10.3.1/../../../../arm-none-eabi/lib/thumb/v7e-m+fp/hard\libc_nano.a(lib_a-nano-callocr.o)
                0x000000000800f26c                _calloc_r
 .text._free_r  0x000000000800f298       0x98 c:/st/stm32cubeide_1.4.0/stm32cubeide/plugins/com.st.stm32cube.ide.mcu.externaltools.gnu-tools-for-stm32.10.3-2021.10.win32_1.0.0.202111181127/tools/bin/../lib/gcc/arm-none-eabi/10.3.1/../../../../arm-none-eabi/lib/thumb/v7e-m+fp/hard\libc_nano.a(lib_a-nano-freer.o)
                0x000000000800f298                _free_r
 .text.sbrk_aligned
                0x000000000800f330       0x40 c:/st/stm32cubeide_1.4.0/stm32cubeide/plugins/com.st.stm32cube.ide.mcu.externaltools.gnu-tools-for-stm32.10.3-2021.10.win32_1.0.0.202111181127/tools/bin/../lib/gcc/arm-none-eabi/10.3.1/../../../../arm-none-eabi/lib/thumb/v7e-m+fp/hard\libc_nano.a(lib_a-nano-mallocr.o)
 .text._malloc_r
                0x000000000800f370       0xe8 c:/st/stm32cubeide_1.4.0/stm32cubeide/plugins/com.st.stm32cube.ide.mcu.externaltools.gnu-tools-for-stm32.10.3-2021.10.win32_1.0.0.202111181127/tools/bin/../lib/gcc/arm-none-eabi/10.3.1/../../../../arm-none-eabi/lib/thumb/v7e-m+fp/hard\libc_nano.a(lib_a-nano-mallocr.o)
                0x000000000800f370                _malloc_r
 .text.__ssputs_r
                0x000000000800f458       0xb6 c:/st/stm32cubeide_1.4.0/stm32cubeide/plugins/com.st.stm32cube.ide.mcu.externaltools.gnu-tools-for-stm32.10.3-2021.10.win32_1.0.0.202111181127/tools/bin/../lib/gcc/arm-none-eabi/10.3.1/../../../../arm-none-eabi/lib/thumb/v7e-m+fp/hard\libc_nano.a(lib_a-nano-svfprintf.o)
                0x000000000800f458                __ssputs_r
 *fill*         0x000000000800f50e        0x2 
 .text._svfprintf_r
                0x000000000800f510      0x200 c:/st/stm32cubeide_1.4.0/stm32cubeide/plugins/com.st.stm32cube.ide.mcu.externaltools.gnu-tools-for-stm32.10.3-2021.10.win32_1.0.0.202111181127/tools/bin/../lib/gcc/arm-none-eabi/10.3.1/../../../../arm-none-eabi/lib/thumb/v7e-m+fp/hard\libc_nano.a(lib_a-nano-svfprintf.o)
                0x000000000800f510                _svfiprintf_r
                0x000000000800f510                _svfprintf_r
 .text.__sfputc_r
                0x000000000800f710       0x2e c:/st/stm32cubeide_1.4.0/stm32cubeide/plugins/com.st.stm32cube.ide.mcu.externaltools.gnu-tools-for-stm32.10.3-2021.10.win32_1.0.0.202111181127/tools/bin/../lib/gcc/arm-none-eabi/10.3.1/../../../../arm-none-eabi/lib/thumb/v7e-m+fp/hard\libc_nano.a(lib_a-nano-vfprintf.o)
 .text.__sfputs_r
                0x000000000800f73e       0x24 c:/st/stm32cubeide_1.4.0/stm32cubeide/plugins/com.st.stm32cube.ide.mcu.externaltools.gnu-tools-for-stm32.10.3-2021.10.win32_1.0.0.202111181127/tools/bin/../lib/gcc/arm-none-eabi/10.3.1/../../../../arm-none-eabi/lib/thumb/v7e-m+fp/hard\libc_nano.a(lib_a-nano-vfprintf.o)
                0x000000000800f73e                __sfputs_r
 *fill*         0x000000000800f762        0x2 
 .text._vfprintf_r
                0x000000000800f764      0x260 c:/st/stm32cubeide_1.4.0/stm32cubeide/plugins/com.st.stm32cube.ide.mcu.externaltools.gnu-tools-for-stm32.10.3-2021.10.win32_1.0.0.202111181127/tools/bin/../lib/gcc/arm-none-eabi/10.3.1/../../../../arm-none-eabi/lib/thumb/v7e-m+fp/hard\libc_nano.a(lib_a-nano-vfprintf.o)
                0x000000000800f764                _vfprintf_r
                0x000000000800f764                _vfiprintf_r
 .text.__svfscanf_r
                0x000000000800f9c4      0x34c c:/st/stm32cubeide_1.4.0/stm32cubeide/plugins/com.st.stm32cube.ide.mcu.externaltools.gnu-tools-for-stm32.10.3-2021.10.win32_1.0.0.202111181127/tools/bin/../lib/gcc/arm-none-eabi/10.3.1/../../../../arm-none-eabi/lib/thumb/v7e-m+fp/hard\libc_nano.a(lib_a-nano-vfscanf.o)
                0x000000000800f9c4                __svfscanf_r
                0x000000000800f9c4                __svfiscanf_r
 .text._vfscanf_r
                0x000000000800fd10       0x50 c:/st/stm32cubeide_1.4.0/stm32cubeide/plugins/com.st.stm32cube.ide.mcu.externaltools.gnu-tools-for-stm32.10.3-2021.10.win32_1.0.0.202111181127/tools/bin/../lib/gcc/arm-none-eabi/10.3.1/../../../../arm-none-eabi/lib/thumb/v7e-m+fp/hard\libc_nano.a(lib_a-nano-vfscanf.o)
                0x000000000800fd10                _vfscanf_r
                0x000000000800fd10                _vfiscanf_r
 .text._scanf_chars
                0x000000000800fd60       0xb4 c:/st/stm32cubeide_1.4.0/stm32cubeide/plugins/com.st.stm32cube.ide.mcu.externaltools.gnu-tools-for-stm32.10.3-2021.10.win32_1.0.0.202111181127/tools/bin/../lib/gcc/arm-none-eabi/10.3.1/../../../../arm-none-eabi/lib/thumb/v7e-m+fp/hard\libc_nano.a(lib_a-nano-vfscanf_i.o)
                0x000000000800fd60                _scanf_chars
 .text._scanf_i
                0x000000000800fe14      0x1f0 c:/st/stm32cubeide_1.4.0/stm32cubeide/plugins/com.st.stm32cube.ide.mcu.externaltools.gnu-tools-for-stm32.10.3-2021.10.win32_1.0.0.202111181127/tools/bin/../lib/gcc/arm-none-eabi/10.3.1/../../../../arm-none-eabi/lib/thumb/v7e-m+fp/hard\libc_nano.a(lib_a-nano-vfscanf_i.o)
                0x000000000800fe14                _scanf_i
 .text.lflush   0x0000000008010004       0x12 c:/st/stm32cubeide_1.4.0/stm32cubeide/plugins/com.st.stm32cube.ide.mcu.externaltools.gnu-tools-for-stm32.10.3-2021.10.win32_1.0.0.202111181127/tools/bin/../lib/gcc/arm-none-eabi/10.3.1/../../../../arm-none-eabi/lib/thumb/v7e-m+fp/hard\libc_nano.a(lib_a-refill.o)
 *fill*         0x0000000008010016        0x2 
 .text.__srefill_r
                0x0000000008010018      0x114 c:/st/stm32cubeide_1.4.0/stm32cubeide/plugins/com.st.stm32cube.ide.mcu.externaltools.gnu-tools-for-stm32.10.3-2021.10.win32_1.0.0.202111181127/tools/bin/../lib/gcc/arm-none-eabi/10.3.1/../../../../arm-none-eabi/lib/thumb/v7e-m+fp/hard\libc_nano.a(lib_a-refill.o)
                0x0000000008010018                __srefill_r
 .text._sbrk_r  0x000000000801012c       0x20 c:/st/stm32cubeide_1.4.0/stm32cubeide/plugins/com.st.stm32cube.ide.mcu.externaltools.gnu-tools-for-stm32.10.3-2021.10.win32_1.0.0.202111181127/tools/bin/../lib/gcc/arm-none-eabi/10.3.1/../../../../arm-none-eabi/lib/thumb/v7e-m+fp/hard\libc_nano.a(lib_a-sbrkr.o)
                0x000000000801012c                _sbrk_r
 .text.__sccl   0x000000000801014c       0x70 c:/st/stm32cubeide_1.4.0/stm32cubeide/plugins/com.st.stm32cube.ide.mcu.externaltools.gnu-tools-for-stm32.10.3-2021.10.win32_1.0.0.202111181127/tools/bin/../lib/gcc/arm-none-eabi/10.3.1/../../../../arm-none-eabi/lib/thumb/v7e-m+fp/hard\libc_nano.a(lib_a-sccl.o)
                0x000000000801014c                __sccl
 .text.__sread  0x00000000080101bc       0x22 c:/st/stm32cubeide_1.4.0/stm32cubeide/plugins/com.st.stm32cube.ide.mcu.externaltools.gnu-tools-for-stm32.10.3-2021.10.win32_1.0.0.202111181127/tools/bin/../lib/gcc/arm-none-eabi/10.3.1/../../../../arm-none-eabi/lib/thumb/v7e-m+fp/hard\libc_nano.a(lib_a-stdio.o)
                0x00000000080101bc                __sread
 .text.__swrite
                0x00000000080101de       0x38 c:/st/stm32cubeide_1.4.0/stm32cubeide/plugins/com.st.stm32cube.ide.mcu.externaltools.gnu-tools-for-stm32.10.3-2021.10.win32_1.0.0.202111181127/tools/bin/../lib/gcc/arm-none-eabi/10.3.1/../../../../arm-none-eabi/lib/thumb/v7e-m+fp/hard\libc_nano.a(lib_a-stdio.o)
                0x00000000080101de                __swrite
 .text.__sseek  0x0000000008010216       0x24 c:/st/stm32cubeide_1.4.0/stm32cubeide/plugins/com.st.stm32cube.ide.mcu.externaltools.gnu-tools-for-stm32.10.3-2021.10.win32_1.0.0.202111181127/tools/bin/../lib/gcc/arm-none-eabi/10.3.1/../../../../arm-none-eabi/lib/thumb/v7e-m+fp/hard\libc_nano.a(lib_a-stdio.o)
                0x0000000008010216                __sseek
 .text.__sclose
                0x000000000801023a        0x8 c:/st/stm32cubeide_1.4.0/stm32cubeide/plugins/com.st.stm32cube.ide.mcu.externaltools.gnu-tools-for-stm32.10.3-2021.10.win32_1.0.0.202111181127/tools/bin/../lib/gcc/arm-none-eabi/10.3.1/../../../../arm-none-eabi/lib/thumb/v7e-m+fp/hard\libc_nano.a(lib_a-stdio.o)
                0x000000000801023a                __sclose
 *fill*         0x0000000008010242        0x2 
 .text._strtol_l.constprop.0
                0x0000000008010244      0x104 c:/st/stm32cubeide_1.4.0/stm32cubeide/plugins/com.st.stm32cube.ide.mcu.externaltools.gnu-tools-for-stm32.10.3-2021.10.win32_1.0.0.202111181127/tools/bin/../lib/gcc/arm-none-eabi/10.3.1/../../../../arm-none-eabi/lib/thumb/v7e-m+fp/hard\libc_nano.a(lib_a-strtol.o)
 .text._strtol_r
                0x0000000008010348        0x4 c:/st/stm32cubeide_1.4.0/stm32cubeide/plugins/com.st.stm32cube.ide.mcu.externaltools.gnu-tools-for-stm32.10.3-2021.10.win32_1.0.0.202111181127/tools/bin/../lib/gcc/arm-none-eabi/10.3.1/../../../../arm-none-eabi/lib/thumb/v7e-m+fp/hard\libc_nano.a(lib_a-strtol.o)
                0x0000000008010348                _strtol_r
 .text._strtoul_l.constprop.0
                0x000000000801034c       0xe4 c:/st/stm32cubeide_1.4.0/stm32cubeide/plugins/com.st.stm32cube.ide.mcu.externaltools.gnu-tools-for-stm32.10.3-2021.10.win32_1.0.0.202111181127/tools/bin/../lib/gcc/arm-none-eabi/10.3.1/../../../../arm-none-eabi/lib/thumb/v7e-m+fp/hard\libc_nano.a(lib_a-strtoul.o)
 .text._strtoul_r
                0x0000000008010430        0x4 c:/st/stm32cubeide_1.4.0/stm32cubeide/plugins/com.st.stm32cube.ide.mcu.externaltools.gnu-tools-for-stm32.10.3-2021.10.win32_1.0.0.202111181127/tools/bin/../lib/gcc/arm-none-eabi/10.3.1/../../../../arm-none-eabi/lib/thumb/v7e-m+fp/hard\libc_nano.a(lib_a-strtoul.o)
                0x0000000008010430                _strtoul_r
 .text.__submore
                0x0000000008010434       0x74 c:/st/stm32cubeide_1.4.0/stm32cubeide/plugins/com.st.stm32cube.ide.mcu.externaltools.gnu-tools-for-stm32.10.3-2021.10.win32_1.0.0.202111181127/tools/bin/../lib/gcc/arm-none-eabi/10.3.1/../../../../arm-none-eabi/lib/thumb/v7e-m+fp/hard\libc_nano.a(lib_a-ungetc.o)
                0x0000000008010434                __submore
 .text._ungetc_r
                0x00000000080104a8      0x130 c:/st/stm32cubeide_1.4.0/stm32cubeide/plugins/com.st.stm32cube.ide.mcu.externaltools.gnu-tools-for-stm32.10.3-2021.10.win32_1.0.0.202111181127/tools/bin/../lib/gcc/arm-none-eabi/10.3.1/../../../../arm-none-eabi/lib/thumb/v7e-m+fp/hard\libc_nano.a(lib_a-ungetc.o)
                0x00000000080104a8                _ungetc_r
 .text._write_r
                0x00000000080105d8       0x24 c:/st/stm32cubeide_1.4.0/stm32cubeide/plugins/com.st.stm32cube.ide.mcu.externaltools.gnu-tools-for-stm32.10.3-2021.10.win32_1.0.0.202111181127/tools/bin/../lib/gcc/arm-none-eabi/10.3.1/../../../../arm-none-eabi/lib/thumb/v7e-m+fp/hard\libc_nano.a(lib_a-writer.o)
                0x00000000080105d8                _write_r
 .text.__assert_func
                0x00000000080105fc       0x3c c:/st/stm32cubeide_1.4.0/stm32cubeide/plugins/com.st.stm32cube.ide.mcu.externaltools.gnu-tools-for-stm32.10.3-2021.10.win32_1.0.0.202111181127/tools/bin/../lib/gcc/arm-none-eabi/10.3.1/../../../../arm-none-eabi/lib/thumb/v7e-m+fp/hard\libc_nano.a(lib_a-assert.o)
                0x00000000080105fc                __assert_func
 .text._close_r
                0x0000000008010638       0x20 c:/st/stm32cubeide_1.4.0/stm32cubeide/plugins/com.st.stm32cube.ide.mcu.externaltools.gnu-tools-for-stm32.10.3-2021.10.win32_1.0.0.202111181127/tools/bin/../lib/gcc/arm-none-eabi/10.3.1/../../../../arm-none-eabi/lib/thumb/v7e-m+fp/hard\libc_nano.a(lib_a-closer.o)
                0x0000000008010638                _close_r
 .text.fprintf  0x0000000008010658       0x24 c:/st/stm32cubeide_1.4.0/stm32cubeide/plugins/com.st.stm32cube.ide.mcu.externaltools.gnu-tools-for-stm32.10.3-2021.10.win32_1.0.0.202111181127/tools/bin/../lib/gcc/arm-none-eabi/10.3.1/../../../../arm-none-eabi/lib/thumb/v7e-m+fp/hard\libc_nano.a(lib_a-fprintf.o)
                0x0000000008010658                fiprintf
                0x0000000008010658                fprintf
 .text._fstat_r
                0x000000000801067c       0x24 c:/st/stm32cubeide_1.4.0/stm32cubeide/plugins/com.st.stm32cube.ide.mcu.externaltools.gnu-tools-for-stm32.10.3-2021.10.win32_1.0.0.202111181127/tools/bin/../lib/gcc/arm-none-eabi/10.3.1/../../../../arm-none-eabi/lib/thumb/v7e-m+fp/hard\libc_nano.a(lib_a-fstatr.o)
                0x000000000801067c                _fstat_r
 .text._isatty_r
                0x00000000080106a0       0x20 c:/st/stm32cubeide_1.4.0/stm32cubeide/plugins/com.st.stm32cube.ide.mcu.externaltools.gnu-tools-for-stm32.10.3-2021.10.win32_1.0.0.202111181127/tools/bin/../lib/gcc/arm-none-eabi/10.3.1/../../../../arm-none-eabi/lib/thumb/v7e-m+fp/hard\libc_nano.a(lib_a-isattyr.o)
                0x00000000080106a0                _isatty_r
 .text._lseek_r
                0x00000000080106c0       0x24 c:/st/stm32cubeide_1.4.0/stm32cubeide/plugins/com.st.stm32cube.ide.mcu.externaltools.gnu-tools-for-stm32.10.3-2021.10.win32_1.0.0.202111181127/tools/bin/../lib/gcc/arm-none-eabi/10.3.1/../../../../arm-none-eabi/lib/thumb/v7e-m+fp/hard\libc_nano.a(lib_a-lseekr.o)
                0x00000000080106c0                _lseek_r
 .text.__ascii_mbtowc
                0x00000000080106e4       0x24 c:/st/stm32cubeide_1.4.0/stm32cubeide/plugins/com.st.stm32cube.ide.mcu.externaltools.gnu-tools-for-stm32.10.3-2021.10.win32_1.0.0.202111181127/tools/bin/../lib/gcc/arm-none-eabi/10.3.1/../../../../arm-none-eabi/lib/thumb/v7e-m+fp/hard\libc_nano.a(lib_a-mbtowc_r.o)
                0x00000000080106e4                __ascii_mbtowc
 .text.memmove  0x0000000008010708       0x34 c:/st/stm32cubeide_1.4.0/stm32cubeide/plugins/com.st.stm32cube.ide.mcu.externaltools.gnu-tools-for-stm32.10.3-2021.10.win32_1.0.0.202111181127/tools/bin/../lib/gcc/arm-none-eabi/10.3.1/../../../../arm-none-eabi/lib/thumb/v7e-m+fp/hard\libc_nano.a(lib_a-memmove.o)
                0x0000000008010708                memmove
 .text.__malloc_lock
                0x000000000801073c        0xc c:/st/stm32cubeide_1.4.0/stm32cubeide/plugins/com.st.stm32cube.ide.mcu.externaltools.gnu-tools-for-stm32.10.3-2021.10.win32_1.0.0.202111181127/tools/bin/../lib/gcc/arm-none-eabi/10.3.1/../../../../arm-none-eabi/lib/thumb/v7e-m+fp/hard\libc_nano.a(lib_a-mlock.o)
                0x000000000801073c                __malloc_lock
 .text.__malloc_unlock
                0x0000000008010748        0xc c:/st/stm32cubeide_1.4.0/stm32cubeide/plugins/com.st.stm32cube.ide.mcu.externaltools.gnu-tools-for-stm32.10.3-2021.10.win32_1.0.0.202111181127/tools/bin/../lib/gcc/arm-none-eabi/10.3.1/../../../../arm-none-eabi/lib/thumb/v7e-m+fp/hard\libc_nano.a(lib_a-mlock.o)
                0x0000000008010748                __malloc_unlock
 .text._realloc_r
                0x0000000008010754       0x5e c:/st/stm32cubeide_1.4.0/stm32cubeide/plugins/com.st.stm32cube.ide.mcu.externaltools.gnu-tools-for-stm32.10.3-2021.10.win32_1.0.0.202111181127/tools/bin/../lib/gcc/arm-none-eabi/10.3.1/../../../../arm-none-eabi/lib/thumb/v7e-m+fp/hard\libc_nano.a(lib_a-nano-reallocr.o)
                0x0000000008010754                _realloc_r
 *fill*         0x00000000080107b2        0x2 
 .text._read_r  0x00000000080107b4       0x24 c:/st/stm32cubeide_1.4.0/stm32cubeide/plugins/com.st.stm32cube.ide.mcu.externaltools.gnu-tools-for-stm32.10.3-2021.10.win32_1.0.0.202111181127/tools/bin/../lib/gcc/arm-none-eabi/10.3.1/../../../../arm-none-eabi/lib/thumb/v7e-m+fp/hard\libc_nano.a(lib_a-readr.o)
                0x00000000080107b4                _read_r
 .text.__ascii_wctomb
                0x00000000080107d8       0x1a c:/st/stm32cubeide_1.4.0/stm32cubeide/plugins/com.st.stm32cube.ide.mcu.externaltools.gnu-tools-for-stm32.10.3-2021.10.win32_1.0.0.202111181127/tools/bin/../lib/gcc/arm-none-eabi/10.3.1/../../../../arm-none-eabi/lib/thumb/v7e-m+fp/hard\libc_nano.a(lib_a-wctomb_r.o)
                0x00000000080107d8                __ascii_wctomb
 .text.abort    0x00000000080107f2        0xe c:/st/stm32cubeide_1.4.0/stm32cubeide/plugins/com.st.stm32cube.ide.mcu.externaltools.gnu-tools-for-stm32.10.3-2021.10.win32_1.0.0.202111181127/tools/bin/../lib/gcc/arm-none-eabi/10.3.1/../../../../arm-none-eabi/lib/thumb/v7e-m+fp/hard\libc_nano.a(lib_a-abort.o)
                0x00000000080107f2                abort
 .text._malloc_usable_size_r
                0x0000000008010800       0x10 c:/st/stm32cubeide_1.4.0/stm32cubeide/plugins/com.st.stm32cube.ide.mcu.externaltools.gnu-tools-for-stm32.10.3-2021.10.win32_1.0.0.202111181127/tools/bin/../lib/gcc/arm-none-eabi/10.3.1/../../../../arm-none-eabi/lib/thumb/v7e-m+fp/hard\libc_nano.a(lib_a-nano-msizer.o)
                0x0000000008010800                _malloc_usable_size_r
 .text._raise_r
                0x0000000008010810       0x50 c:/st/stm32cubeide_1.4.0/stm32cubeide/plugins/com.st.stm32cube.ide.mcu.externaltools.gnu-tools-for-stm32.10.3-2021.10.win32_1.0.0.202111181127/tools/bin/../lib/gcc/arm-none-eabi/10.3.1/../../../../arm-none-eabi/lib/thumb/v7e-m+fp/hard\libc_nano.a(lib_a-signal.o)
                0x0000000008010810                _raise_r
 .text.raise    0x0000000008010860       0x10 c:/st/stm32cubeide_1.4.0/stm32cubeide/plugins/com.st.stm32cube.ide.mcu.externaltools.gnu-tools-for-stm32.10.3-2021.10.win32_1.0.0.202111181127/tools/bin/../lib/gcc/arm-none-eabi/10.3.1/../../../../arm-none-eabi/lib/thumb/v7e-m+fp/hard\libc_nano.a(lib_a-signal.o)
                0x0000000008010860                raise
 .text._kill_r  0x0000000008010870       0x24 c:/st/stm32cubeide_1.4.0/stm32cubeide/plugins/com.st.stm32cube.ide.mcu.externaltools.gnu-tools-for-stm32.10.3-2021.10.win32_1.0.0.202111181127/tools/bin/../lib/gcc/arm-none-eabi/10.3.1/../../../../arm-none-eabi/lib/thumb/v7e-m+fp/hard\libc_nano.a(lib_a-signalr.o)
                0x0000000008010870                _kill_r
 .text._getpid_r
                0x0000000008010894        0x4 c:/st/stm32cubeide_1.4.0/stm32cubeide/plugins/com.st.stm32cube.ide.mcu.externaltools.gnu-tools-for-stm32.10.3-2021.10.win32_1.0.0.202111181127/tools/bin/../lib/gcc/arm-none-eabi/10.3.1/../../../../arm-none-eabi/lib/thumb/v7e-m+fp/hard\libc_nano.a(lib_a-signalr.o)
                0x0000000008010894                _getpid_r
 *(.glue_7)
 .glue_7        0x0000000008010898        0x0 linker stubs
 *(.glue_7t)
 .glue_7t       0x0000000008010898        0x0 linker stubs
 *(.eh_frame)
 .eh_frame      0x0000000008010898        0x0 c:/st/stm32cubeide_1.4.0/stm32cubeide/plugins/com.st.stm32cube.ide.mcu.externaltools.gnu-tools-for-stm32.10.3-2021.10.win32_1.0.0.202111181127/tools/bin/../lib/gcc/arm-none-eabi/10.3.1/thumb/v7e-m+fp/hard/crtbegin.o
 *(.init)
 .init          0x0000000008010898        0x4 c:/st/stm32cubeide_1.4.0/stm32cubeide/plugins/com.st.stm32cube.ide.mcu.externaltools.gnu-tools-for-stm32.10.3-2021.10.win32_1.0.0.202111181127/tools/bin/../lib/gcc/arm-none-eabi/10.3.1/thumb/v7e-m+fp/hard/crti.o
                0x0000000008010898                _init
 .init          0x000000000801089c        0x8 c:/st/stm32cubeide_1.4.0/stm32cubeide/plugins/com.st.stm32cube.ide.mcu.externaltools.gnu-tools-for-stm32.10.3-2021.10.win32_1.0.0.202111181127/tools/bin/../lib/gcc/arm-none-eabi/10.3.1/thumb/v7e-m+fp/hard/crtn.o
 *(.fini)
 .fini          0x00000000080108a4        0x4 c:/st/stm32cubeide_1.4.0/stm32cubeide/plugins/com.st.stm32cube.ide.mcu.externaltools.gnu-tools-for-stm32.10.3-2021.10.win32_1.0.0.202111181127/tools/bin/../lib/gcc/arm-none-eabi/10.3.1/thumb/v7e-m+fp/hard/crti.o
                0x00000000080108a4                _fini
 .fini          0x00000000080108a8        0x8 c:/st/stm32cubeide_1.4.0/stm32cubeide/plugins/com.st.stm32cube.ide.mcu.externaltools.gnu-tools-for-stm32.10.3-2021.10.win32_1.0.0.202111181127/tools/bin/../lib/gcc/arm-none-eabi/10.3.1/thumb/v7e-m+fp/hard/crtn.o
                0x00000000080108b0                . = ALIGN (0x4)
                0x00000000080108b0                _etext = .

.vfp11_veneer   0x00000000080108b0        0x0
 .vfp11_veneer  0x00000000080108b0        0x0 linker stubs

.v4_bx          0x00000000080108b0        0x0
 .v4_bx         0x00000000080108b0        0x0 linker stubs

.iplt           0x00000000080108b0        0x0
 .iplt          0x00000000080108b0        0x0 c:/st/stm32cubeide_1.4.0/stm32cubeide/plugins/com.st.stm32cube.ide.mcu.externaltools.gnu-tools-for-stm32.10.3-2021.10.win32_1.0.0.202111181127/tools/bin/../lib/gcc/arm-none-eabi/10.3.1/thumb/v7e-m+fp/hard/crtbegin.o

.rodata         0x00000000080108b0     0x2c68
                0x00000000080108b0                . = ALIGN (0x4)
 *(.rodata)
 .rodata        0x00000000080108b0     0x202c ./Core/Src/TinyBMS.o
 .rodata        0x00000000080128dc      0x61e ./Core/Src/main.o
 *fill*         0x0000000008012efa        0x2 
 .rodata        0x0000000008012efc        0xc c:/st/stm32cubeide_1.4.0/stm32cubeide/plugins/com.st.stm32cube.ide.mcu.externaltools.gnu-tools-for-stm32.10.3-2021.10.win32_1.0.0.202111181127/tools/bin/../lib/gcc/arm-none-eabi/10.3.1/../../../../arm-none-eabi/lib/thumb/v7e-m+fp/hard\libc_nano.a(lib_a-nano-vfscanf_i.o)
 *(.rodata*)
 .rodata.crcTable
                0x0000000008012f08      0x200 ./Core/Src/TinyBMS.o
 .rodata.AHBPrescTable
                0x0000000008013108       0x10 ./Core/Src/system_stm32f7xx.o
                0x0000000008013108                AHBPrescTable
 .rodata.APBPrescTable
                0x0000000008013118        0x8 ./Core/Src/system_stm32f7xx.o
                0x0000000008013118                APBPrescTable
 .rodata._global_impure_ptr
                0x0000000008013120        0x4 c:/st/stm32cubeide_1.4.0/stm32cubeide/plugins/com.st.stm32cube.ide.mcu.externaltools.gnu-tools-for-stm32.10.3-2021.10.win32_1.0.0.202111181127/tools/bin/../lib/gcc/arm-none-eabi/10.3.1/../../../../arm-none-eabi/lib/thumb/v7e-m+fp/hard\libc_nano.a(lib_a-impure.o)
                0x0000000008013120                _global_impure_ptr
 .rodata._printf_float.str1.1
                0x0000000008013124       0x10 c:/st/stm32cubeide_1.4.0/stm32cubeide/plugins/com.st.stm32cube.ide.mcu.externaltools.gnu-tools-for-stm32.10.3-2021.10.win32_1.0.0.202111181127/tools/bin/../lib/gcc/arm-none-eabi/10.3.1/../../../../arm-none-eabi/lib/thumb/v7e-m+fp/hard\libc_nano.a(lib_a-nano-vfprintf_float.o)
                                         0x12 (size before relaxing)
 .rodata._printf_i.str1.1
                0x0000000008013134       0x22 c:/st/stm32cubeide_1.4.0/stm32cubeide/plugins/com.st.stm32cube.ide.mcu.externaltools.gnu-tools-for-stm32.10.3-2021.10.win32_1.0.0.202111181127/tools/bin/../lib/gcc/arm-none-eabi/10.3.1/../../../../arm-none-eabi/lib/thumb/v7e-m+fp/hard\libc_nano.a(lib_a-nano-vfprintf_i.o)
 .rodata._dtoa_r.str1.1
                0x0000000008013156       0x90 c:/st/stm32cubeide_1.4.0/stm32cubeide/plugins/com.st.stm32cube.ide.mcu.externaltools.gnu-tools-for-stm32.10.3-2021.10.win32_1.0.0.202111181127/tools/bin/../lib/gcc/arm-none-eabi/10.3.1/../../../../arm-none-eabi/lib/thumb/v7e-m+fp/hard\libc_nano.a(lib_a-dtoa.o)
                                         0x92 (size before relaxing)
 *fill*         0x00000000080131e6        0x2 
 .rodata.__sf_fake_stderr
                0x00000000080131e8       0x20 c:/st/stm32cubeide_1.4.0/stm32cubeide/plugins/com.st.stm32cube.ide.mcu.externaltools.gnu-tools-for-stm32.10.3-2021.10.win32_1.0.0.202111181127/tools/bin/../lib/gcc/arm-none-eabi/10.3.1/../../../../arm-none-eabi/lib/thumb/v7e-m+fp/hard\libc_nano.a(lib_a-findfp.o)
                0x00000000080131e8                __sf_fake_stderr
 .rodata.__sf_fake_stdin
                0x0000000008013208       0x20 c:/st/stm32cubeide_1.4.0/stm32cubeide/plugins/com.st.stm32cube.ide.mcu.externaltools.gnu-tools-for-stm32.10.3-2021.10.win32_1.0.0.202111181127/tools/bin/../lib/gcc/arm-none-eabi/10.3.1/../../../../arm-none-eabi/lib/thumb/v7e-m+fp/hard\libc_nano.a(lib_a-findfp.o)
                0x0000000008013208                __sf_fake_stdin
 .rodata.__sf_fake_stdout
                0x0000000008013228       0x20 c:/st/stm32cubeide_1.4.0/stm32cubeide/plugins/com.st.stm32cube.ide.mcu.externaltools.gnu-tools-for-stm32.10.3-2021.10.win32_1.0.0.202111181127/tools/bin/../lib/gcc/arm-none-eabi/10.3.1/../../../../arm-none-eabi/lib/thumb/v7e-m+fp/hard\libc_nano.a(lib_a-findfp.o)
                0x0000000008013228                __sf_fake_stdout
 .rodata._Balloc.str1.1
                0x0000000008013248       0x5c c:/st/stm32cubeide_1.4.0/stm32cubeide/plugins/com.st.stm32cube.ide.mcu.externaltools.gnu-tools-for-stm32.10.3-2021.10.win32_1.0.0.202111181127/tools/bin/../lib/gcc/arm-none-eabi/10.3.1/../../../../arm-none-eabi/lib/thumb/v7e-m+fp/hard\libc_nano.a(lib_a-mprec.o)
                                         0x73 (size before relaxing)
 .rodata.__multadd.str1.1
                0x00000000080132a4       0x11 c:/st/stm32cubeide_1.4.0/stm32cubeide/plugins/com.st.stm32cube.ide.mcu.externaltools.gnu-tools-for-stm32.10.3-2021.10.win32_1.0.0.202111181127/tools/bin/../lib/gcc/arm-none-eabi/10.3.1/../../../../arm-none-eabi/lib/thumb/v7e-m+fp/hard\libc_nano.a(lib_a-mprec.o)
 *fill*         0x00000000080132a4        0x4 
 .rodata.__mprec_bigtens
                0x00000000080132a8       0x28 c:/st/stm32cubeide_1.4.0/stm32cubeide/plugins/com.st.stm32cube.ide.mcu.externaltools.gnu-tools-for-stm32.10.3-2021.10.win32_1.0.0.202111181127/tools/bin/../lib/gcc/arm-none-eabi/10.3.1/../../../../arm-none-eabi/lib/thumb/v7e-m+fp/hard\libc_nano.a(lib_a-mprec.o)