../Core/Src/it.c:19:6:NMI_Handler	4	static
../Core/Src/it.c:23:6:HardFault_Handler	4	static
../Core/Src/it.c:27:6:MemManage_Handler	4	static
../Core/Src/it.c:31:6:BusFault_Handler	4	static
../Core/Src/it.c:35:6:UsageFault_Handler	4	static
../Core/Src/it.c:39:6:SVC_Handler	4	static
../Core/Src/it.c:43:6:DebugMon_Handler	4	static
../Core/Src/it.c:47:6:PendSV_Handler	4	static
../Core/Src/it.c:51:6:SysTick_Handler	8	static
../Core/Src/it.c:62:6:USART2_IRQHandler	8	static
../Core/Src/it.c:66:6:CAN1_TX_IRQHandler	8	static
../Core/Src/it.c:70:6:CAN1_RX0_IRQHandler	8	static
../Core/Src/it.c:74:6:CAN1_RX1_IRQHandler	8	static
../Core/Src/it.c:78:6:CAN1_SCE_IRQHandler	8	static
../Core/Src/it.c:82:6:TIM6_DAC_IRQHandler	8	static
