main.c:19:5:main	8	static
main.c:52:6:UART_Test_API	8	static
main.c:88:6:CAN_Test_API	4	static
main.c:120:6:SystemClock_Config_HSE	88	static
main.c:197:6:GPIO_Init	48	static
main.c:226:6:UART_Init	8	static
main.c:258:6:TIM_Init	8	static
main.c:268:6:CAN_Init	16	static
main.c:321:6:HAL_UART_TxCpltCallback	16	static
main.c:327:6:HAL_UART_RxCpltCallback	16	static
main.c:333:6:HAL_UART_ErrorCallback	16	static
main.c:339:6:HAL_UART_AbortReceiveCpltCallback	16	static
main.c:345:6:HAL_UART_AbortTransmitCpltCallback	16	static
main.c:351:6:HAL_UART_AbortCpltCallback	16	static
main.c:357:6:CAN_Filter_Config	48	static
main.c:374:6:CAN1_Tx	48	static
main.c:388:6:HAL_CAN_TxMailbox0CompleteCallback	72	static
main.c:397:6:HAL_CAN_TxMailbox1CompleteCallback	72	static
main.c:406:6:HAL_CAN_TxMailbox2CompleteCallback	72	static
main.c:415:6:HAL_CAN_RxFifo0MsgPendingCallback	104	static
main.c:432:6:HAL_CAN_ErrorCallback	72	static
main.c:441:6:HAL_TIM_PeriodElapsedCallback	48	static
main.c:472:6:LED_Manage_Output	16	static
main.c:500:6:Send_Response	48	static
main.c:516:6:Error_Handler	4	static
