main.c:22:5:main	8	static
main.c:59:6:UART_Test_API	4	static
main.c:95:6:CAN_Test_API	4	static
main.c:128:6:TinyBMS_MonitorCharging	4	static
main.c:132:6:TinyBMS_MonitorOperation	4	static
main.c:136:6:SystemClock_Config_HSE	88	static
main.c:213:6:GPIO_Init	48	static
main.c:242:6:UART_Init	8	static
main.c:274:6:TIM_Init	8	static
main.c:284:6:CAN_Init	16	static
main.c:354:6:CAN_Filter_Config	48	static
main.c:418:6:CAN_Begin	8	static
main.c:430:6:CAN1_Tx	48	static
main.c:461:6:LED_Manage_Output	16	static
main.c:489:6:HAL_UART_TxCpltCallback	16	static
main.c:495:6:HAL_UART_RxCpltCallback	16	static
main.c:501:6:HAL_UART_ErrorCallback	16	static
main.c:507:6:HAL_UART_AbortReceiveCpltCallback	16	static
main.c:513:6:HAL_UART_AbortTransmitCpltCallback	16	static
main.c:519:6:HAL_UART_AbortCpltCallback	16	static
main.c:525:6:HAL_CAN_TxMailbox0CompleteCallback	72	static
main.c:534:6:HAL_CAN_TxMailbox1CompleteCallback	72	static
main.c:543:6:HAL_CAN_TxMailbox2CompleteCallback	72	static
main.c:552:6:HAL_CAN_RxFifo0MsgPendingCallback	16	static
main.c:563:6:HAL_CAN_ErrorCallback	72	static
main.c:572:6:Error_Handler	4	static
