main.c:91:5:main	24	static
main.c:211:6:SystemClock_Config	216	static
main.c:268:13:MX_CAN1_Init	8	static
main.c:305:13:MX_USART2_UART_Init	8	static
main.c:342:13:MX_USART3_UART_Init	8	static
main.c:379:13:MX_USB_OTG_FS_PCD_Init	8	static
main.c:414:13:MX_GPIO_Init	56	static
main.c:494:6:HAL_UART_TxCpltCallback	24	static
main.c:521:6:HAL_UART_RxCpltCallback	24	static
main.c:551:6:HAL_UART_ErrorCallback	24	static
main.c:561:6:HAL_UART_AbortReceiveCpltCallback	16	static
main.c:566:6:HAL_UART_AbortTransmitCpltCallback	16	static
main.c:570:6:HAL_UART_AbortCpltCallback	16	static
main.c:575:14:stateUART	16	static
main.c:606:6:Error_Handler	4	static,ignoring_inline_asm
