main.c:91:5:main	24	static
main.c:189:6:SystemClock_Config	216	static
main.c:246:13:MX_CAN1_Init	8	static
main.c:283:13:MX_USART2_UART_Init	8	static
main.c:320:13:MX_USART3_UART_Init	8	static
main.c:357:13:MX_USB_OTG_FS_PCD_Init	8	static
main.c:392:13:MX_GPIO_Init	56	static
main.c:472:6:HAL_UART_TxCpltCallback	24	static
main.c:499:6:HAL_UART_RxCpltCallback	24	static
main.c:529:6:HAL_UART_ErrorCallback	24	static
main.c:539:6:HAL_UART_AbortReceiveCpltCallback	16	static
main.c:544:6:HAL_UART_AbortTransmitCpltCallback	16	static
main.c:548:6:HAL_UART_AbortCpltCallback	16	static
main.c:553:14:stateUART	16	static
main.c:584:6:Error_Handler	4	static,ignoring_inline_asm
