../Core/Src/main.c:24:5:main	16	static
../Core/Src/main.c:111:6:UART_Test_API	96	static
../Core/Src/main.c:231:6:CAN_Test_API	48	static
../Core/Src/main.c:323:6:TinyBMS_MonitorCharging_UART	48	static
../Core/Src/main.c:385:6:TinyBMS_MonitorDischarging_UART	8	static
../Core/Src/main.c:396:6:TinyBMS_MonitorCharging_CAN	48	static
../Core/Src/main.c:457:6:TinyBMS_MonitorDischarging_CAN	8	static
../Core/Src/main.c:468:6:ElCon_SendMsg	24	static
../Core/Src/main.c:477:9:TinyBMS_Init_UART	160	static
../Core/Src/main.c:679:9:TinyBMS_Init_CAN	176	static
../Core/Src/main.c:908:6:SystemClock_Config_HSI	88	static
../Core/Src/main.c:982:6:GPIO_Init	48	static
../Core/Src/main.c:1011:6:UART_Init	8	static
../Core/Src/main.c:1043:6:TIM_Init	8	static
../Core/Src/main.c:1054:6:CAN_Init	16	static
../Core/Src/main.c:1125:6:CAN_Filter_Config	48	static
../Core/Src/main.c:1189:6:CAN_Begin	8	static
../Core/Src/main.c:1201:6:CAN1_Tx	48	static
../Core/Src/main.c:1232:6:HAL_UART_TxCpltCallback	16	static
../Core/Src/main.c:1238:6:HAL_UART_RxCpltCallback	16	static
../Core/Src/main.c:1244:6:HAL_UART_ErrorCallback	16	static
../Core/Src/main.c:1250:6:HAL_UART_AbortReceiveCpltCallback	16	static
../Core/Src/main.c:1256:6:HAL_UART_AbortTransmitCpltCallback	16	static
../Core/Src/main.c:1262:6:HAL_UART_AbortCpltCallback	16	static
../Core/Src/main.c:1268:6:HAL_CAN_TxMailbox0CompleteCallback	72	static
../Core/Src/main.c:1277:6:HAL_CAN_TxMailbox1CompleteCallback	72	static
../Core/Src/main.c:1286:6:HAL_CAN_TxMailbox2CompleteCallback	72	static
../Core/Src/main.c:1295:6:HAL_CAN_RxFifo0MsgPendingCallback	16	static
../Core/Src/main.c:1306:6:HAL_CAN_ErrorCallback	72	static
../Core/Src/main.c:1315:6:HAL_TIM_PeriodElapsedCallback	16	static
../Core/Src/main.c:1322:6:Error_Handler	8	static
