../Core/Src/main.c:25:5:main	16	static
../Core/Src/main.c:108:6:UART_Test_API	64	static
../Core/Src/main.c:221:6:CAN_Test_API	24	static
../Core/Src/main.c:306:6:TinyBMS_MonitorCharging	32	static
../Core/Src/main.c:367:6:TinyBMS_MonitorDischarging	8	static
../Core/Src/main.c:378:6:ElCon_SendMsg	24	static
../Core/Src/main.c:387:9:TinyBMS_Init	24	static
../Core/Src/main.c:527:6:SystemClock_Config_HSI	88	static
../Core/Src/main.c:604:6:GPIO_Init	48	static
../Core/Src/main.c:633:6:UART_Init	8	static
../Core/Src/main.c:665:6:TIM_Init	8	static
../Core/Src/main.c:676:6:CAN_Init	16	static
../Core/Src/main.c:746:6:CAN_Filter_Config	48	static
../Core/Src/main.c:810:6:CAN_Begin	8	static
../Core/Src/main.c:822:6:CAN1_Tx	48	static
../Core/Src/main.c:853:6:LED_Manage_Output	16	static
../Core/Src/main.c:885:6:HAL_UART_TxCpltCallback	16	static
../Core/Src/main.c:891:6:HAL_UART_RxCpltCallback	16	static
../Core/Src/main.c:897:6:HAL_UART_ErrorCallback	16	static
../Core/Src/main.c:903:6:HAL_UART_AbortReceiveCpltCallback	16	static
../Core/Src/main.c:909:6:HAL_UART_AbortTransmitCpltCallback	16	static
../Core/Src/main.c:915:6:HAL_UART_AbortCpltCallback	16	static
../Core/Src/main.c:921:6:HAL_CAN_TxMailbox0CompleteCallback	72	static
../Core/Src/main.c:930:6:HAL_CAN_TxMailbox1CompleteCallback	72	static
../Core/Src/main.c:939:6:HAL_CAN_TxMailbox2CompleteCallback	72	static
../Core/Src/main.c:948:6:HAL_CAN_RxFifo0MsgPendingCallback	16	static
../Core/Src/main.c:959:6:HAL_CAN_ErrorCallback	72	static
../Core/Src/main.c:968:6:HAL_TIM_PeriodElapsedCallback	16	static
../Core/Src/main.c:975:6:Error_Handler	8	static
