main.c:26:5:main	8	static
main.c:83:6:UART_Test_API	4	static
main.c:119:6:CAN_Test_API	4	static
main.c:152:6:TinyBMS_MonitorCharging	32	static
main.c:202:6:TinyBMS_MonitorOperation	4	static
main.c:207:6:ElCon_SendMsg	24	static
main.c:216:9:TinyBMS_Init	16	static
main.c:275:6:SystemClock_Config_HSI	88	static
main.c:352:6:GPIO_Init	48	static
main.c:381:6:UART_Init	8	static
main.c:413:6:TIM_Init	8	static
main.c:424:6:CAN_Init	16	static
main.c:494:6:CAN_Filter_Config	48	static
main.c:558:6:CAN_Begin	8	static
main.c:570:6:CAN1_Tx	48	static
main.c:601:6:LED_Manage_Output	16	static
main.c:629:6:HAL_UART_TxCpltCallback	16	static
main.c:635:6:HAL_UART_RxCpltCallback	16	static
main.c:641:6:HAL_UART_ErrorCallback	16	static
main.c:647:6:HAL_UART_AbortReceiveCpltCallback	16	static
main.c:653:6:HAL_UART_AbortTransmitCpltCallback	16	static
main.c:659:6:HAL_UART_AbortCpltCallback	16	static
main.c:665:6:HAL_CAN_TxMailbox0CompleteCallback	72	static
main.c:674:6:HAL_CAN_TxMailbox1CompleteCallback	72	static
main.c:683:6:HAL_CAN_TxMailbox2CompleteCallback	72	static
main.c:692:6:HAL_CAN_RxFifo0MsgPendingCallback	16	static
main.c:703:6:HAL_CAN_ErrorCallback	72	static
main.c:712:6:HAL_TIM_PeriodElapsedCallback	16	static
main.c:720:6:Error_Handler	4	static
