main.c:19:5:main	8	static
main.c:56:6:UART_Test_API	8	static
main.c:92:6:CAN_Test_API	4	static
main.c:125:6:TinyBMS_MonitorCharging	4	static
main.c:129:6:TinyBMS_MonitorOperation	4	static
main.c:133:6:SystemClock_Config_HSE	88	static
main.c:210:6:GPIO_Init	48	static
main.c:239:6:UART_Init	8	static
main.c:271:6:TIM_Init	8	static
main.c:281:6:CAN_Init	16	static
main.c:351:6:CAN_Filter_Config	48	static
main.c:410:6:CAN_Begin	8	static
main.c:422:6:CAN1_Tx	48	static
main.c:435:6:LED_Manage_Output	16	static
main.c:463:6:HAL_UART_TxCpltCallback	16	static
main.c:469:6:HAL_UART_RxCpltCallback	16	static
main.c:475:6:HAL_UART_ErrorCallback	16	static
main.c:481:6:HAL_UART_AbortReceiveCpltCallback	16	static
main.c:487:6:HAL_UART_AbortTransmitCpltCallback	16	static
main.c:493:6:HAL_UART_AbortCpltCallback	16	static
main.c:499:6:HAL_CAN_TxMailbox0CompleteCallback	72	static
main.c:508:6:HAL_CAN_TxMailbox1CompleteCallback	72	static
main.c:517:6:HAL_CAN_TxMailbox2CompleteCallback	72	static
main.c:526:6:HAL_CAN_RxFifo0MsgPendingCallback	16	static
main.c:537:6:HAL_CAN_ErrorCallback	72	static
main.c:546:6:Error_Handler	4	static
