main.c:91:5:main	24	static
main.c:193:6:SystemClock_Config	216	static
main.c:250:13:MX_CAN1_Init	8	static
main.c:287:13:MX_USART2_UART_Init	8	static
main.c:324:13:MX_USART3_UART_Init	8	static
main.c:361:13:MX_USB_OTG_FS_PCD_Init	8	static
main.c:396:13:MX_GPIO_Init	56	static
main.c:476:6:HAL_UART_TxCpltCallback	24	static
main.c:503:6:HAL_UART_RxCpltCallback	24	static
main.c:532:6:HAL_UART_ErrorCallback	24	static
main.c:542:6:HAL_UART_AbortReceiveCpltCallback	16	static
main.c:547:6:HAL_UART_AbortTransmitCpltCallback	16	static
main.c:551:6:HAL_UART_AbortCpltCallback	16	static
main.c:556:14:stateUART	16	static
main.c:587:6:Error_Handler	4	static,ignoring_inline_asm
