main.c:18:5:main	8	static
main.c:42:6:UART_Test_API	8	static
main.c:78:6:CAN_Test_API	4	static
main.c:111:6:SystemClock_Config_HSE	88	static
main.c:188:6:GPIO_Init	48	static
main.c:217:6:UART_Init	8	static
main.c:249:6:TIM_Init	8	static
main.c:259:6:CAN_Init	16	static
main.c:329:6:CAN_Filter_Config	48	static
main.c:386:6:CAN_Begin	8	static
main.c:398:6:CAN1_Tx	48	static
main.c:411:6:LED_Manage_Output	16	static
main.c:439:6:HAL_UART_TxCpltCallback	16	static
main.c:445:6:HAL_UART_RxCpltCallback	16	static
main.c:451:6:HAL_UART_ErrorCallback	16	static
main.c:457:6:HAL_UART_AbortReceiveCpltCallback	16	static
main.c:463:6:HAL_UART_AbortTransmitCpltCallback	16	static
main.c:469:6:HAL_UART_AbortCpltCallback	16	static
main.c:475:6:HAL_CAN_TxMailbox0CompleteCallback	72	static
main.c:484:6:HAL_CAN_TxMailbox1CompleteCallback	72	static
main.c:493:6:HAL_CAN_TxMailbox2CompleteCallback	72	static
main.c:502:6:HAL_CAN_RxFifo0MsgPendingCallback	16	static
main.c:513:6:HAL_CAN_ErrorCallback	72	static
main.c:522:6:Error_Handler	4	static
