../Core/Src/main.c:24:5:main	16	static
../Core/Src/main.c:111:6:UART_Test_API	96	static
../Core/Src/main.c:231:6:CAN_Test_API	48	static
../Core/Src/main.c:323:6:TinyBMS_MonitorCharging_UART	56	static
../Core/Src/main.c:426:6:TinyBMS_MonitorDischarging_UART	56	static
../Core/Src/main.c:508:6:TinyBMS_MonitorCharging_CAN	56	static
../Core/Src/main.c:606:6:TinyBMS_MonitorDischarging_CAN	48	static
../Core/Src/main.c:683:6:ElCon_SendMsg	24	static
../Core/Src/main.c:692:9:TinyBMS_Init_UART	176	static
../Core/Src/main.c:933:9:TinyBMS_Init_CAN	224	static
../Core/Src/main.c:1251:6:SystemClock_Config_HSI	88	static
../Core/Src/main.c:1325:6:GPIO_Init	48	static
../Core/Src/main.c:1354:6:UART_Init	8	static
../Core/Src/main.c:1386:6:TIM_Init	8	static
../Core/Src/main.c:1397:6:CAN_Init	16	static
../Core/Src/main.c:1468:6:CAN_Filter_Config	48	static
../Core/Src/main.c:1532:6:CAN_Begin	8	static
../Core/Src/main.c:1544:6:CAN1_Tx	48	static
../Core/Src/main.c:1575:6:HAL_UART_TxCpltCallback	16	static
../Core/Src/main.c:1581:6:HAL_UART_RxCpltCallback	16	static
../Core/Src/main.c:1587:6:HAL_UART_ErrorCallback	16	static
../Core/Src/main.c:1593:6:HAL_UART_AbortReceiveCpltCallback	16	static
../Core/Src/main.c:1599:6:HAL_UART_AbortTransmitCpltCallback	16	static
../Core/Src/main.c:1605:6:HAL_UART_AbortCpltCallback	16	static
../Core/Src/main.c:1611:6:HAL_CAN_TxMailbox0CompleteCallback	72	static
../Core/Src/main.c:1620:6:HAL_CAN_TxMailbox1CompleteCallback	72	static
../Core/Src/main.c:1629:6:HAL_CAN_TxMailbox2CompleteCallback	72	static
../Core/Src/main.c:1638:6:HAL_CAN_RxFifo0MsgPendingCallback	16	static
../Core/Src/main.c:1649:6:HAL_CAN_ErrorCallback	72	static
../Core/Src/main.c:1658:6:HAL_TIM_PeriodElapsedCallback	16	static
../Core/Src/main.c:1665:6:Error_Handler	8	static
