../Core/Src/TinyBMS.c:114:9:TinyBMS_UART_ACK	80	static
../Core/Src/TinyBMS.c:198:9:TinyBMS_UART_ReadRegBlock	1104	static
../Core/Src/TinyBMS.c:334:9:TinyBMS_UART_ReadRegIndividual	2072	static
../Core/Src/TinyBMS.c:482:9:TinyBMS_UART_WriteRegBlock	1112	static
../Core/Src/TinyBMS.c:627:9:TinyBMS_UART_WriteRegIndividual	2056	static
../Core/Src/TinyBMS.c:770:9:TinyBMS_UART_ReadRegBlockMODBUS	1104	static
../Core/Src/TinyBMS.c:912:9:TinyBMS_UART_WriteRegBlockMODBUS	1104	static
../Core/Src/TinyBMS.c:1045:9:TinyBMS_UART_ResetClearEventsStatistics	136	static
../Core/Src/TinyBMS.c:1159:9:TinyBMS_UART_ReadNewestEvents	1112	static
../Core/Src/TinyBMS.c:1295:9:TinyBMS_UART_ReadAllEvents	1112	static
../Core/Src/TinyBMS.c:1434:7:TinyBMS_UART_ReadBatteryPackVoltage	144	static
../Core/Src/TinyBMS.c:1538:7:TinyBMS_UART_ReadBatteryPackCurrent	144	static
../Core/Src/TinyBMS.c:1642:10:TinyBMS_UART_ReadBatteryPackMaxCellVoltage	136	static
../Core/Src/TinyBMS.c:1744:10:TinyBMS_UART_ReadBatteryPackMinCellVoltage	136	static
../Core/Src/TinyBMS.c:1849:10:TinyBMS_UART_ReadOnlineStatus	136	static
../Core/Src/TinyBMS.c:1975:10:TinyBMS_UART_ReadLifetimeCounter	136	static
../Core/Src/TinyBMS.c:2077:10:TinyBMS_UART_ReadEstimatedSOCValue	136	static
../Core/Src/TinyBMS.c:2182:9:TinyBMS_UART_ReadDeviceTemperatures	160	static
../Core/Src/TinyBMS.c:2311:9:TinyBMS_UART_ReadBatteryPackCellVoltages	1104	static
../Core/Src/TinyBMS.c:2438:9:TinyBMS_UART_ReadSettingsValues	1104	static
../Core/Src/TinyBMS.c:2589:9:TinyBMS_UART_ReadVersion	152	static
../Core/Src/TinyBMS.c:2750:9:TinyBMS_UART_ReadVersionExtended	152	static
../Core/Src/TinyBMS.c:2932:9:TinyBMS_UART_ReadCalcSpeedDistanceLeftEstTimeLeft	152	static
../Core/Src/TinyBMS.c:3060:9:TinyBMS_CAN_ResetClearEventsStatistics	64	static
../Core/Src/TinyBMS.c:3140:9:TinyBMS_CAN_ReadRegBlock	72	static
../Core/Src/TinyBMS.c:3237:9:TinyBMS_CAN_WriteRegBlock	88	static
../Core/Src/TinyBMS.c:3342:9:TinyBMS_CAN_ReadNewestEvents	80	static
../Core/Src/TinyBMS.c:3428:9:TinyBMS_CAN_ReadAllEvents	80	static
../Core/Src/TinyBMS.c:3517:7:TinyBMS_CAN_ReadBatteryPackVoltage	80	static
../Core/Src/TinyBMS.c:3585:7:TinyBMS_CAN_ReadBatteryPackCurrent	80	static
../Core/Src/TinyBMS.c:3653:10:TinyBMS_CAN_ReadBatteryPackMaxCellVoltage	72	static
../Core/Src/TinyBMS.c:3720:10:TinyBMS_CAN_ReadBatteryPackMinCellVoltage	72	static
../Core/Src/TinyBMS.c:3790:10:TinyBMS_CAN_ReadOnlineStatus	72	static
../Core/Src/TinyBMS.c:3881:10:TinyBMS_CAN_ReadLifetimeCounter	72	static
../Core/Src/TinyBMS.c:3948:10:TinyBMS_CAN_ReadEstimatedSOCValue	72	static
../Core/Src/TinyBMS.c:4018:9:TinyBMS_CAN_ReadDeviceTemperatures	72	static
../Core/Src/TinyBMS.c:4106:9:TinyBMS_CAN_ReadBatteryPackCellVoltages	72	static
../Core/Src/TinyBMS.c:4195:9:TinyBMS_CAN_ReadSettingsValues	72	static
../Core/Src/TinyBMS.c:4305:9:TinyBMS_CAN_ReadVersion	72	static
../Core/Src/TinyBMS.c:4413:9:TinyBMS_CAN_ReadCalcSpeedDistanceLeftEstTimeLeft	88	static
../Core/Src/TinyBMS.c:4499:9:TinyBMS_CAN_ReadNodeID	64	static
../Core/Src/TinyBMS.c:4573:9:TinyBMS_CAN_WriteNodeID	64	static
../Core/Src/TinyBMS.c:4634:13:reportBMSError	16	static
../Core/Src/TinyBMS.c:4645:17:CRC16	24	static
