TinyBMS.c:112:9:TinyBMS_UART_ACK	80	static
TinyBMS.c:204:9:TinyBMS_UART_ReadRegBlock	1104	static
TinyBMS.c:346:9:TinyBMS_UART_ReadRegIndividual	2072	static
TinyBMS.c:494:9:TinyBMS_UART_WriteRegBlock	1112	static
TinyBMS.c:639:9:TinyBMS_UART_WriteRegIndividual	2056	static
TinyBMS.c:782:9:TinyBMS_UART_ReadRegBlockMODBUS	1104	static
TinyBMS.c:924:9:TinyBMS_UART_WriteRegBlockMODBUS	1104	static
TinyBMS.c:1057:9:TinyBMS_UART_ResetClearEventsStatistics	136	static
TinyBMS.c:1171:9:TinyBMS_UART_ReadNewestEvents	1112	static
TinyBMS.c:1307:9:TinyBMS_UART_ReadAllEvents	1112	static
TinyBMS.c:1446:9:TinyBMS_UART_ReadBatteryPackVoltage	144	static
TinyBMS.c:1550:9:TinyBMS_UART_ReadBatteryPackCurrent	144	static
TinyBMS.c:1654:9:TinyBMS_UART_ReadBatteryPackMaxCellVoltage	136	static
TinyBMS.c:1756:9:TinyBMS_UART_ReadBatteryPackMinCellVoltage	136	static
TinyBMS.c:1861:9:TinyBMS_UART_ReadOnlineStatus	136	static
TinyBMS.c:1987:9:TinyBMS_UART_ReadLifetimeCounter	136	static
TinyBMS.c:2089:9:TinyBMS_UART_ReadEstimatedSOCValue	136	static
TinyBMS.c:2194:9:TinyBMS_UART_ReadDeviceTemperatures	160	static
TinyBMS.c:2323:9:TinyBMS_UART_ReadBatteryPackCellVoltages	1104	static
TinyBMS.c:2450:9:TinyBMS_UART_ReadSettingsValues	1104	static
TinyBMS.c:2601:9:TinyBMS_UART_ReadVersion	152	static
TinyBMS.c:2762:9:TinyBMS_UART_ReadVersionExtended	152	static
TinyBMS.c:2944:9:TinyBMS_UART_ReadCalcSpeedDistanceLeftEstTimeLeft	152	static
TinyBMS.c:3072:9:TinyBMS_CAN_ResetClearEventsStatistics	64	static
TinyBMS.c:3151:9:TinyBMS_CAN_ReadRegBlock	72	static
TinyBMS.c:3247:9:TinyBMS_CAN_WriteRegBlock	88	static
TinyBMS.c:3351:9:TinyBMS_CAN_ReadNewestEvents	80	static
TinyBMS.c:3436:9:TinyBMS_CAN_ReadAllEvents	80	static
TinyBMS.c:3524:9:TinyBMS_CAN_ReadBatteryPackVoltage	80	static
TinyBMS.c:3591:9:TinyBMS_CAN_ReadBatteryPackCurrent	80	static
TinyBMS.c:3658:9:TinyBMS_CAN_ReadBatteryPackMaxCellVoltage	72	static
TinyBMS.c:3724:9:TinyBMS_CAN_ReadBatteryPackMinCellVoltage	72	static
TinyBMS.c:3793:9:TinyBMS_CAN_ReadOnlineStatus	72	static
TinyBMS.c:3883:9:TinyBMS_CAN_ReadLifetimeCounter	72	static
TinyBMS.c:3949:9:TinyBMS_CAN_ReadEstimatedSOCValue	72	static
TinyBMS.c:4018:9:TinyBMS_CAN_ReadDeviceTemperatures	72	static
TinyBMS.c:4105:9:TinyBMS_CAN_ReadBatteryPackCellVoltages	72	static
TinyBMS.c:4193:9:TinyBMS_CAN_ReadSettingsValues	72	static
TinyBMS.c:4302:9:TinyBMS_CAN_ReadVersion	72	static
TinyBMS.c:4409:9:TinyBMS_CAN_ReadCalcSpeedDistanceLeftEstTimeLeft	88	static
TinyBMS.c:4494:9:TinyBMS_CAN_ReadNodeID	64	static
TinyBMS.c:4567:9:TinyBMS_CAN_WriteNodeID	64	static
TinyBMS.c:4627:17:CRC16	24	static
