TinyBMS.c:56:12:TinyBMS_ACK	24	static
TinyBMS.c:79:12:TinyBMS_ReadRegBlock	24	static
TinyBMS.c:105:12:TinyBMS_ReadRegIndividual	24	static
TinyBMS.c:136:12:TinyBMS_WriteRegBlock	24	static
TinyBMS.c:161:12:TinyBMS_WriteRegIndividual	32	static
TinyBMS.c:184:12:TinyBMS_ReadRegBlockMODBUS	24	static
TinyBMS.c:210:12:TinyBMS_WriteRegBlockMODBUS	24	static
TinyBMS.c:228:5:TinyBMS_ResetClearEventsStatistics	24	static
TinyBMS.c:249:5:TinyBMS_ReadNewestEvents	16	static
TinyBMS.c:270:5:TinyBMS_ReadAllEvents	16	static
TinyBMS.c:291:5:TinyBMS_ReadBatteryPackVoltage	16	static
TinyBMS.c:312:5:TinyBMS_ReadBatteryPackCurrent	16	static
TinyBMS.c:333:5:TinyBMS_ReadBatteryPackMaxCellVoltage	16	static
TinyBMS.c:354:5:TinyBMS_ReadBatteryPackMinCellVoltage	16	static
TinyBMS.c:378:5:TinyBMS_ReadOnlineStatus	16	static
TinyBMS.c:399:5:TinyBMS_ReadLifetimeCounter	16	static
TinyBMS.c:420:5:TinyBMS_ReadEstimatedSOCValue	16	static
TinyBMS.c:444:5:TinyBMS_ReadDeviceTemperatures	16	static
TinyBMS.c:464:5:TinyBMS_ReadBatteryPackCellVoltages	16	static
TinyBMS.c:490:5:TinyBMS_ReadSettingsValues	24	static
TinyBMS.c:514:5:TinyBMS_ReadVersion	16	static
TinyBMS.c:540:5:TinyBMS_ReadVersionExtended	16	static
TinyBMS.c:566:5:TinyBMS_ReadCalcSpeedDistanceLeftEstTimeLeft	16	static
TinyBMS.c:573:10:CRC16	24	static
