stm32f7xx_hal_pcd.c:123:19:HAL_PCD_Init	80	static
stm32f7xx_hal_pcd.c:242:19:HAL_PCD_DeInit	16	static
stm32f7xx_hal_pcd.c:281:13:HAL_PCD_MspInit	16	static
stm32f7xx_hal_pcd.c:296:13:HAL_PCD_MspDeInit	16	static
stm32f7xx_hal_pcd.c:924:19:HAL_PCD_Start	16	static
stm32f7xx_hal_pcd.c:939:19:HAL_PCD_Stop	16	static
stm32f7xx_hal_pcd.c:958:6:HAL_PCD_IRQHandler	64	static
stm32f7xx_hal_pcd.c:1343:6:HAL_PCD_WKUP_IRQHandler	24	static
stm32f7xx_hal_pcd.c:1369:13:HAL_PCD_DataOutStageCallback	16	static
stm32f7xx_hal_pcd.c:1386:13:HAL_PCD_DataInStageCallback	16	static
stm32f7xx_hal_pcd.c:1401:13:HAL_PCD_SetupStageCallback	16	static
stm32f7xx_hal_pcd.c:1416:13:HAL_PCD_SOFCallback	16	static
stm32f7xx_hal_pcd.c:1431:13:HAL_PCD_ResetCallback	16	static
stm32f7xx_hal_pcd.c:1446:13:HAL_PCD_SuspendCallback	16	static
stm32f7xx_hal_pcd.c:1461:13:HAL_PCD_ResumeCallback	16	static
stm32f7xx_hal_pcd.c:1477:13:HAL_PCD_ISOOUTIncompleteCallback	16	static
stm32f7xx_hal_pcd.c:1494:13:HAL_PCD_ISOINIncompleteCallback	16	static
stm32f7xx_hal_pcd.c:1510:13:HAL_PCD_ConnectCallback	16	static
stm32f7xx_hal_pcd.c:1525:13:HAL_PCD_DisconnectCallback	16	static
stm32f7xx_hal_pcd.c:1559:19:HAL_PCD_DevConnect	16	static
stm32f7xx_hal_pcd.c:1573:19:HAL_PCD_DevDisconnect	16	static
stm32f7xx_hal_pcd.c:1588:19:HAL_PCD_SetAddress	16	static
stm32f7xx_hal_pcd.c:1605:19:HAL_PCD_EP_Open	24	static
stm32f7xx_hal_pcd.c:1650:19:HAL_PCD_EP_Close	24	static
stm32f7xx_hal_pcd.c:1681:19:HAL_PCD_EP_Receive	32	static
stm32f7xx_hal_pcd.c:1717:10:HAL_PCD_EP_GetRxCount	16	static
stm32f7xx_hal_pcd.c:1729:19:HAL_PCD_EP_Transmit	32	static
stm32f7xx_hal_pcd.c:1765:19:HAL_PCD_EP_SetStall	24	static
stm32f7xx_hal_pcd.c:1808:19:HAL_PCD_EP_ClrStall	24	static
stm32f7xx_hal_pcd.c:1844:19:HAL_PCD_EP_Flush	16	static
stm32f7xx_hal_pcd.c:1867:19:HAL_PCD_ActivateRemoteWakeup	16	static
stm32f7xx_hal_pcd.c:1877:19:HAL_PCD_DeActivateRemoteWakeup	16	static
stm32f7xx_hal_pcd.c:1906:18:HAL_PCD_GetState	16	static
stm32f7xx_hal_pcd.c:1930:26:PCD_WriteEmptyTxFifo	48	static
stm32f7xx_hal_pcd.c:1990:26:PCD_EP_OutXfrComplete_int	32	static
stm32f7xx_hal_pcd.c:2095:26:PCD_EP_OutSetupPacket_int	32	static
